ARM Linker, 5.03 [Build 24] [MDK-ARM Professional]

==============================================================================

Section Cross References

    application.o(.text) refers to components.o(.text) for rt_components_init
    application.o(.text) refers to led.o(.text) for rt_led_init
    application.o(.text) refers to nrf24l01.o(.text) for rt_nrf24l01_init
    application.o(.text) refers to thread.o(.text) for rt_thread_create
    startup.o(.text) refers to kservice.o(.text) for rt_kprintf
    startup.o(.text) refers to board.o(.text) for rt_hw_board_init
    startup.o(.text) refers to mem.o(.text) for rt_system_heap_init
    startup.o(.text) refers to scheduler.o(.text) for rt_system_scheduler_init
    startup.o(.text) refers to timer.o(.text) for rt_system_timer_init
    startup.o(.text) refers to application.o(.text) for rt_application_init
    startup.o(.text) refers to idle.o(.text) for rt_thread_idle_init
    startup.o(.text) refers to context_rvds.o(.text) for rt_hw_interrupt_disable
    board.o(.text) refers to misc.o(.text) for NVIC_SetVectorTable
    board.o(.text) refers to irq.o(.text) for rt_interrupt_enter
    board.o(.text) refers to clock.o(.text) for rt_tick_increase
    board.o(.text) refers to usart.o(.text) for rt_hw_usart_init
    board.o(.text) refers to kservice.o(.text) for rt_console_set_device
    board.o(.text) refers to components.o(.text) for rt_components_board_init
    board.o(.text) refers to system_stm32f10x.o(.data) for SystemCoreClock
    led.o(.text) refers to stm32f10x_rcc.o(.text) for RCC_APB2PeriphClockCmd
    led.o(.text) refers to stm32f10x_gpio.o(.text) for GPIO_Init
    led.o(.text) refers to thread.o(.text) for rt_thread_delay
    led.o(.text) refers to led.o(.bss) for led_stack
    led.o(.text) refers to led.o(.data) for led_inited
    led.o(FSymTab) refers to led.o(.rodata.name) for __fsym_led_name
    led.o(FSymTab) refers to led.o(.text) for led
    usart.o(.text) refers to kservice.o(.text) for rt_assert_handler
    usart.o(.text) refers to stm32f10x_usart.o(.text) for USART_Init
    usart.o(.text) refers to stm32f10x_rcc.o(.text) for RCC_AHBPeriphClockCmd
    usart.o(.text) refers to stm32f10x_dma.o(.text) for DMA_DeInit
    usart.o(.text) refers to misc.o(.text) for NVIC_Init
    usart.o(.text) refers to context_rvds.o(.text) for rt_hw_interrupt_disable
    usart.o(.text) refers to serial.o(.text) for rt_hw_serial_isr
    usart.o(.text) refers to irq.o(.text) for rt_interrupt_enter
    usart.o(.text) refers to usart.o(.constdata) for __FUNCTION__
    usart.o(.text) refers to usart.o(.bss) for serial1
    usart.o(.text) refers to stm32f10x_gpio.o(.text) for GPIO_Init
    usart.o(.text) refers to usart.o(.data) for uart1
    usart.o(.constdata) refers to usart.o(.text) for stm32_configure
    nrf24l01.o(.text) refers to stm32f10x_rcc.o(.text) for RCC_APB2PeriphClockCmd
    nrf24l01.o(.text) refers to stm32f10x_gpio.o(.text) for GPIO_Init
    nrf24l01.o(.text) refers to stm32f10x_spi.o(.text) for SPI_Init
    nrf24l01.o(.text) refers to startup.o(.text) for assert_failed
    nrf24l01.o(.text) refers to kservice.o(.text) for rt_kprintf
    nrf24l01.o(.text) refers to thread.o(.text) for rt_thread_delay
    nrf24l01.o(.text) refers to nrf24l01.o(.constdata) for RX_ADDRESS
    nrf24l01.o(.text) refers to nrf24l01.o(.bss) for nrf24l01_stack
    system_stm32f10x.o(.text) refers to system_stm32f10x.o(.data) for SystemCoreClock
    stm32f10x_rcc.o(.text) refers to startup.o(.text) for assert_failed
    stm32f10x_rcc.o(.text) refers to stm32f10x_rcc.o(.data) for APBAHBPrescTable
    stm32f10x_wwdg.o(.text) refers to stm32f10x_rcc.o(.text) for RCC_APB1PeriphResetCmd
    stm32f10x_wwdg.o(.text) refers to startup.o(.text) for assert_failed
    stm32f10x_pwr.o(.text) refers to stm32f10x_rcc.o(.text) for RCC_APB1PeriphResetCmd
    stm32f10x_pwr.o(.text) refers to startup.o(.text) for assert_failed
    stm32f10x_exti.o(.text) refers to startup.o(.text) for assert_failed
    stm32f10x_bkp.o(.text) refers to stm32f10x_rcc.o(.text) for RCC_BackupResetCmd
    stm32f10x_bkp.o(.text) refers to startup.o(.text) for assert_failed
    stm32f10x_i2c.o(.text) refers to startup.o(.text) for assert_failed
    stm32f10x_i2c.o(.text) refers to stm32f10x_rcc.o(.text) for RCC_APB1PeriphResetCmd
    stm32f10x_adc.o(.text) refers to startup.o(.text) for assert_failed
    stm32f10x_adc.o(.text) refers to stm32f10x_rcc.o(.text) for RCC_APB2PeriphResetCmd
    stm32f10x_dac.o(.text) refers to stm32f10x_rcc.o(.text) for RCC_APB1PeriphResetCmd
    stm32f10x_dac.o(.text) refers to startup.o(.text) for assert_failed
    stm32f10x_rtc.o(.text) refers to startup.o(.text) for assert_failed
    stm32f10x_fsmc.o(.text) refers to startup.o(.text) for assert_failed
    stm32f10x_tim.o(.text) refers to startup.o(.text) for assert_failed
    stm32f10x_tim.o(.text) refers to stm32f10x_rcc.o(.text) for RCC_APB2PeriphResetCmd
[...]
    _terminate_alloc                          - Undefined Weak Reference
    _terminate_user_alloc                     - Undefined Weak Reference
    _terminateio                              - Undefined Weak Reference
    __Vectors_Size                           0x00000130   Number         0  startup_stm32f10x_hd.o ABSOLUTE
    __Vectors                                0x08000000   Data           4  startup_stm32f10x_hd.o(RESET)
    __Vectors_End                            0x08000130   Data           0  startup_stm32f10x_hd.o(RESET)
    __main                                   0x08000131   Thumb Code     8  __main.o(!!!main)
    __scatterload                            0x08000139   Thumb Code     0  __scatter.o(!!!scatter)
    __scatterload_rt2                        0x08000139   Thumb Code    44  __scatter.o(!!!scatter)
    __scatterload_rt2_thumb_only             0x08000139   Thumb Code     0  __scatter.o(!!!scatter)
    __scatterload_null                       0x08000147   Thumb Code     0  __scatter.o(!!!scatter)
    __decompress                             0x0800016d   Thumb Code    90  __dczerorl2.o(!!dczerorl2)
    __decompress1                            0x0800016d   Thumb Code     0  __dczerorl2.o(!!dczerorl2)
    __scatterload_zeroinit                   0x080001c9   Thumb Code    28  __scatter_zi.o(!!handler_zi)
    __rt_lib_init                            0x080001e5   Thumb Code     0  libinit.o(.ARM.Collect$$libinit$$00000000)
    __rt_lib_init_fp_1                       0x080001e7   Thumb Code     0  libinit2.o(.ARM.Collect$$libinit$$00000002)
    __rt_lib_init_heap_1                     0x080001e7   Thumb Code     0  libinit2.o(.ARM.Collect$$libinit$$00000008)
    __rt_lib_init_lc_common                  0x080001e7   Thumb Code     0  libinit2.o(.ARM.Collect$$libinit$$0000000D)
    __rt_lib_init_rand_1                     0x080001e7   Thumb Code     0  libinit2.o(.ARM.Collect$$libinit$$0000000C)
    __rt_lib_init_user_alloc_1               0x080001e7   Thumb Code     0  libinit2.o(.ARM.Collect$$libinit$$0000000A)
    __rt_lib_init_lc_collate_1               0x080001ed   Thumb Code     0  libinit2.o(.ARM.Collect$$libinit$$0000000F)
    __rt_lib_init_lc_ctype_2                 0x080001ed   Thumb Code     0  libinit2.o(.ARM.Collect$$libinit$$00000010)
    __rt_lib_init_alloca_1                   0x080001f9   Thumb Code     0  libinit2.o(.ARM.Collect$$libinit$$0000002C)
    __rt_lib_init_argv_1                     0x080001f9   Thumb Code     0  libinit2.o(.ARM.Collect$$libinit$$0000002A)
    __rt_lib_init_atexit_1                   0x080001f9   Thumb Code     0  libinit2.o(.ARM.Collect$$libinit$$00000019)
    __rt_lib_init_clock_1                    0x080001f9   Thumb Code     0  libinit2.o(.ARM.Collect$$libinit$$0000001F)
    __rt_lib_init_cpp_1                      0x080001f9   Thumb Code     0  libinit2.o(.ARM.Collect$$libinit$$00000030)
    __rt_lib_init_exceptions_1               0x080001f9   Thumb Code     0  libinit2.o(.ARM.Collect$$libinit$$0000002E)
    __rt_lib_init_fp_trap_1                  0x080001f9   Thumb Code     0  libinit2.o(.ARM.Collect$$libinit$$0000001D)
    __rt_lib_init_getenv_1                   0x080001f9   Thumb Code     0  libinit2.o(.ARM.Collect$$libinit$$00000021)
    __rt_lib_init_lc_ctype_1                 0x080001f9   Thumb Code     0  libinit2.o(.ARM.Collect$$libinit$$00000011)
    __rt_lib_init_lc_monetary_1              0x080001f9   Thumb Code     0  libinit2.o(.ARM.Collect$$libinit$$00000013)
    __rt_lib_init_lc_numeric_1               0x080001f9   Thumb Code     0  libinit2.o(.ARM.Collect$$libinit$$00000015)
    __rt_lib_init_lc_time_1                  0x080001f9   Thumb Code     0  libinit2.o(.ARM.Collect$$libinit$$00000017)
    __rt_lib_init_return                     0x080001f9   Thumb Code     0  libinit2.o(.ARM.Collect$$libinit$$00000031)
    __rt_lib_init_signal_1                   0x080001f9   Thumb Code     0  libinit2.o(.ARM.Collect$$libinit$$0000001B)
    __rt_lib_init_stdio_1                    0x080001f9   Thumb Code     0  libinit2.o(.ARM.Collect$$libinit$$00000023)
    __rt_lib_shutdown                        0x080001fb   Thumb Code     0  libshutdown.o(.ARM.Collect$$libshutdown$$00000000)
    __rt_lib_shutdown_fp_trap_1              0x080001fd   Thumb Code     0  libshutdown2.o(.ARM.Collect$$libshutdown$$00000006)
    __rt_lib_shutdown_heap_1                 0x080001fd   Thumb Code     0  libshutdown2.o(.ARM.Collect$$libshutdown$$0000000E)
    __rt_lib_shutdown_return                 0x080001fd   Thumb Code     0  libshutdown2.o(.ARM.Collect$$libshutdown$$0000000F)
    __rt_lib_shutdown_signal_1               0x080001fd   Thumb Code     0  libshutdown2.o(.ARM.Collect$$libshutdown$$00000009)
    __rt_lib_shutdown_stdio_1                0x080001fd   Thumb Code     0  libshutdown2.o(.ARM.Collect$$libshutdown$$00000003)
    __rt_lib_shutdown_user_alloc_1           0x080001fd   Thumb Code     0  libshutdown2.o(.ARM.Collect$$libshutdown$$0000000B)
    __rt_entry                               0x080001ff   Thumb Code     0  rtentry.o(.ARM.Collect$$rtentry$$00000000)
    __rt_entry_presh_1                       0x080001ff   Thumb Code     0  rtentry2.o(.ARM.Collect$$rtentry$$00000002)
    __rt_entry_sh                            0x080001ff   Thumb Code     0  rtentry4.o(.ARM.Collect$$rtentry$$00000004)
    __rt_entry_li                            0x08000205   Thumb Code     0  rtentry2.o(.ARM.Collect$$rtentry$$0000000A)
    __rt_entry_postsh_1                      0x08000205   Thumb Code     0  rtentry2.o(.ARM.Collect$$rtentry$$00000009)
    __rt_entry_main                          0x08000209   Thumb Code     0  rtentry2.o(.ARM.Collect$$rtentry$$0000000D)
    __rt_entry_postli_1                      0x08000209   Thumb Code     0  rtentry2.o(.ARM.Collect$$rtentry$$0000000C)
    __rt_exit                                0x08000211   Thumb Code     0  rtexit.o(.ARM.Collect$$rtexit$$00000000)
    __rt_exit_ls                             0x08000213   Thumb Code     0  rtexit2.o(.ARM.Collect$$rtexit$$00000003)
    __rt_exit_prels_1                        0x08000213   Thumb Code     0  rtexit2.o(.ARM.Collect$$rtexit$$00000002)
    __rt_exit_exit                           0x08000217   Thumb Code     0  rtexit2.o(.ARM.Collect$$rtexit$$00000004)
    __rt_ffs                                 0x0800021d   Thumb Code    16  cpuport.o(.emb_text)
    rt_init_thread_entry                     0x0800022d   Thumb Code    18  application.o(.text)
    rt_application_init                      0x0800023f   Thumb Code    38  application.o(.text)
    assert_failed                            0x0800026d   Thumb Code    30  startup.o(.text)
    rtthread_startup                         0x0800028b   Thumb Code    44  startup.o(.text)
    main                                     0x080002b7   Thumb Code    14  startup.o(.text)
    NVIC_Configuration                       0x0800031d   Thumb Code    14  board.o(.text)
    SysTick_Handler                          0x0800032b   Thumb Code    16  board.o(.text)
    rt_hw_board_init                         0x0800033b   Thumb Code    94  board.o(.text)
    NMI_Handler                              0x080003ad   Thumb Code     2  stm32f10x_it.o(.text)
    MemManage_Handler                        0x080003af   Thumb Code     4  stm32f10x_it.o(.text)
    BusFault_Handler                         0x080003b3   Thumb Code     4  stm32f10x_it.o(.text)
    UsageFault_Handler                       0x080003b7   Thumb Code     4  stm32f10x_it.o(.text)
    SVC_Handler                              0x080003bb   Thumb Code     2  stm32f10x_it.o(.text)
    DebugMon_Handler                         0x080003bd   Thumb Code     2  stm32f10x_it.o(.text)
    USB_LP_CAN1_RX0_IRQHandler               0x080003bf   Thumb Code     2  stm32f10x_it.o(.text)
    USB_HP_CAN1_TX_IRQHandler                0x080003c1   Thumb Code     2  stm32f10x_it.o(.text)
    rt_hw_led_init                           0x080003c5   Thumb Code    52  led.o(.text)
    rt_hw_led_on                             0x080003f9   Thumb Code    38  led.o(.text)
    rt_hw_led_off                            0x0800041f   Thumb Code    38  led.o(.text)
    rt_led_init                              0x08000469   Thumb Code    48  led.o(.text)
    led                                      0x08000499   Thumb Code    86  led.o(.text)
    USART1_IRQHandler                        0x08000895   Thumb Code    18  usart.o(.text)
    DMA1_Channel5_IRQHandler                 0x080008a7   Thumb Code    18  usart.o(.text)
    USART2_IRQHandler                        0x080008b9   Thumb Code    18  usart.o(.text)
    DMA1_Channel6_IRQHandler                 0x080008cb   Thumb Code    18  usart.o(.text)
    USART3_IRQHandler                        0x080008dd   Thumb Code   108  usart.o(.text)
    DMA1_Channel3_IRQHandler                 0x08000949   Thumb Code    18  usart.o(.text)
    rt_hw_usart_init                         0x08000a37   Thumb Code   152  usart.o(.text)
    NRF24L01_Init                            0x08000b11   Thumb Code   200  nrf24l01.o(.text)
    SPI2_ReadWriteByte                       0x08000bd9   Thumb Code    78  nrf24l01.o(.text)
    NRF24L01_Read_Buf                        0x08000c27   Thumb Code    56  nrf24l01.o(.text)
    NRF24L01_Write_Buf                       0x08000c5f   Thumb Code    56  nrf24l01.o(.text)
    SPI2_SetSpeed                            0x08000c97   Thumb Code    76  nrf24l01.o(.text)
    NRF24L01_Check                           0x08000ce3   Thumb Code    72  nrf24l01.o(.text)
    NRF24L01_Write_Reg                       0x08000d2b   Thumb Code    38  nrf24l01.o(.text)
    NRF24L01_Read_Reg                        0x08000d51   Thumb Code    36  nrf24l01.o(.text)
    NRF24L01_TxPacket                        0x08000d75   Thumb Code    98  nrf24l01.o(.text)
    NRF24L01_RxPacket                        0x08000dd7   Thumb Code    58  nrf24l01.o(.text)
    NRF24L01_RX_Mode                         0x08000e11   Thumb Code    80  nrf24l01.o(.text)
    NRF24L01_TX_Mode                         0x08000e61   Thumb Code    90  nrf24l01.o(.text)
    rt_nrf24l01_init                         0x08000efb   Thumb Code   158  nrf24l01.o(.text)
    SystemInit                               0x08001075   Thumb Code    78  system_stm32f10x.o(.text)
    SystemCoreClockUpdate                    0x080010c3   Thumb Code   142  system_stm32f10x.o(.text)
    RCC_DeInit                               0x08001175   Thumb Code    64  stm32f10x_rcc.o(.text)
    RCC_HSEConfig                            0x080011b5   Thumb Code   100  stm32f10x_rcc.o(.text)
    RCC_GetFlagStatus                        0x08001219   Thumb Code   118  stm32f10x_rcc.o(.text)
    RCC_WaitForHSEStartUp                    0x0800128f   Thumb Code    56  stm32f10x_rcc.o(.text)
    RCC_AdjustHSICalibrationValue            0x080012c7   Thumb Code    38  stm32f10x_rcc.o(.text)
    RCC_HSICmd                               0x080012ed   Thumb Code    28  stm32f10x_rcc.o(.text)
    RCC_PLLConfig                            0x08001309   Thumb Code   152  stm32f10x_rcc.o(.text)
    RCC_PLLCmd                               0x080013a1   Thumb Code    28  stm32f10x_rcc.o(.text)
    RCC_SYSCLKConfig                         0x080013bd   Thumb Code    42  stm32f10x_rcc.o(.text)
    RCC_GetSYSCLKSource                      0x080013e7   Thumb Code    10  stm32f10x_rcc.o(.text)
    RCC_HCLKConfig                           0x080013f1   Thumb Code    66  stm32f10x_rcc.o(.text)
    RCC_PCLK1Config                          0x08001433   Thumb Code    58  stm32f10x_rcc.o(.text)
    RCC_PCLK2Config                          0x0800146d   Thumb Code    60  stm32f10x_rcc.o(.text)
    RCC_ITConfig                             0x080014a9   Thumb Code    70  stm32f10x_rcc.o(.text)
    RCC_USBCLKConfig                         0x080014ef   Thumb Code    28  stm32f10x_rcc.o(.text)
    RCC_ADCCLKConfig                         0x0800150b   Thumb Code    52  stm32f10x_rcc.o(.text)
    RCC_LSEConfig                            0x0800153f   Thumb Code   156  stm32f10x_rcc.o(.text)
    RCC_LSICmd                               0x080015db   Thumb Code    30  stm32f10x_rcc.o(.text)
    RCC_RTCCLKConfig                         0x080015f9   Thumb Code    52  stm32f10x_rcc.o(.text)
    RCC_RTCCLKCmd                            0x0800162d   Thumb Code    32  stm32f10x_rcc.o(.text)
    RCC_GetClocksFreq                        0x0800164d   Thumb Code   208  stm32f10x_rcc.o(.text)
    RCC_AHBPeriphClockCmd                    0x0800171d   Thumb Code    86  stm32f10x_rcc.o(.text)
    RCC_APB2PeriphClockCmd                   0x08001773   Thumb Code    82  stm32f10x_rcc.o(.text)
    RCC_APB1PeriphClockCmd                   0x080017c5   Thumb Code    82  stm32f10x_rcc.o(.text)
    RCC_APB2PeriphResetCmd                   0x08001817   Thumb Code    82  stm32f10x_rcc.o(.text)
    RCC_APB1PeriphResetCmd                   0x08001869   Thumb Code    82  stm32f10x_rcc.o(.text)
    RCC_BackupResetCmd                       0x080018bb   Thumb Code    32  stm32f10x_rcc.o(.text)
    RCC_ClockSecuritySystemCmd               0x080018db   Thumb Code    30  stm32f10x_rcc.o(.text)
    RCC_MCOConfig                            0x080018f9   Thumb Code    44  stm32f10x_rcc.o(.text)
    RCC_ClearFlag                            0x08001925   Thumb Code    18  stm32f10x_rcc.o(.text)
    RCC_GetITStatus                          0x08001937   Thumb Code    64  stm32f10x_rcc.o(.text)
    RCC_ClearITPendingBit                    0x08001977   Thumb Code    34  stm32f10x_rcc.o(.text)
    SPI_I2S_DeInit                           0x080019bd   Thumb Code   104  stm32f10x_spi.o(.text)
    SPI_Init                                 0x08001a25   Thumb Code   328  stm32f10x_spi.o(.text)
    I2S_Init                                 0x08001b6d   Thumb Code   434  stm32f10x_spi.o(.text)
    SPI_StructInit                           0x08001d1f   Thumb Code    24  stm32f10x_spi.o(.text)
    I2S_StructInit                           0x08001d37   Thumb Code    20  stm32f10x_spi.o(.text)
    SPI_Cmd                                  0x08001d4b   Thumb Code    78  stm32f10x_spi.o(.text)
    I2S_Cmd                                  0x08001d99   Thumb Code   152  stm32f10x_spi.o(.text)
    SPI_I2S_ITConfig                         0x08001e31   Thumb Code   126  stm32f10x_spi.o(.text)
    SPI_I2S_DMACmd                           0x08001eaf   Thumb Code   102  stm32f10x_spi.o(.text)
    SPI_I2S_SendData                         0x08001f15   Thumb Code    42  stm32f10x_spi.o(.text)
    SPI_I2S_ReceiveData                      0x08001f3f   Thumb Code    40  stm32f10x_spi.o(.text)
    SPI_NSSInternalSoftwareConfig            0x08001f67   Thumb Code    96  stm32f10x_spi.o(.text)
    SPI_SSOutputCmd                          0x08001fc7   Thumb Code    82  stm32f10x_spi.o(.text)
    SPI_DataSizeConfig                       0x08002019   Thumb Code    78  stm32f10x_spi.o(.text)
    SPI_TransmitCRC                          0x08002067   Thumb Code    46  stm32f10x_spi.o(.text)
    SPI_CalculateCRC                         0x08002095   Thumb Code    82  stm32f10x_spi.o(.text)
    SPI_GetCRC                               0x080020e7   Thumb Code    74  stm32f10x_spi.o(.text)
    SPI_GetCRCPolynomial                     0x08002131   Thumb Code    40  stm32f10x_spi.o(.text)
    SPI_BiDirectionalLineConfig              0x08002159   Thumb Code    94  stm32f10x_spi.o(.text)
    SPI_I2S_GetFlagStatus                    0x080021b7   Thumb Code   114  stm32f10x_spi.o(.text)
    SPI_I2S_ClearFlag                        0x08002229   Thumb Code    62  stm32f10x_spi.o(.text)
    SPI_I2S_GetITStatus                      0x08002267   Thumb Code   138  stm32f10x_spi.o(.text)
    SPI_I2S_ClearITPendingBit                0x080022f1   Thumb Code    74  stm32f10x_spi.o(.text)
    GPIO_DeInit                              0x08002349   Thumb Code   224  stm32f10x_gpio.o(.text)
    GPIO_AFIODeInit                          0x08002429   Thumb Code    20  stm32f10x_gpio.o(.text)
    GPIO_Init                                0x0800243d   Thumb Code   378  stm32f10x_gpio.o(.text)
    GPIO_StructInit                          0x080025b7   Thumb Code    16  stm32f10x_gpio.o(.text)
    GPIO_ReadInputDataBit                    0x080025c7   Thumb Code   170  stm32f10x_gpio.o(.text)
    GPIO_ReadInputData                       0x08002671   Thumb Code    64  stm32f10x_gpio.o(.text)
    GPIO_ReadOutputDataBit                   0x080026b1   Thumb Code   260  stm32f10x_gpio.o(.text)
    GPIO_ReadOutputData                      0x080027b5   Thumb Code    66  stm32f10x_gpio.o(.text)
    GPIO_SetBits                             0x080027f7   Thumb Code    86  stm32f10x_gpio.o(.text)
    GPIO_ResetBits                           0x0800284d   Thumb Code    86  stm32f10x_gpio.o(.text)
    GPIO_WriteBit                            0x080028a3   Thumb Code   188  stm32f10x_gpio.o(.text)
    GPIO_Write                               0x0800295f   Thumb Code    66  stm32f10x_gpio.o(.text)
    GPIO_PinLockConfig                       0x080029a1   Thumb Code   100  stm32f10x_gpio.o(.text)
    GPIO_EventOutputConfig                   0x08002a05   Thumb Code   138  stm32f10x_gpio.o(.text)
    GPIO_EventOutputCmd                      0x08002a8f   Thumb Code    30  stm32f10x_gpio.o(.text)
    GPIO_PinRemapConfig                      0x08002aad   Thumb Code   538  stm32f10x_gpio.o(.text)
    GPIO_EXTILineConfig                      0x08002cc7   Thumb Code   186  stm32f10x_gpio.o(.text)
    GPIO_ETH_MediaInterfaceConfig            0x08002d81   Thumb Code    30  stm32f10x_gpio.o(.text)
    USART_DeInit                             0x08002db5   Thumb Code   174  stm32f10x_usart.o(.text)
    USART_Init                               0x08002e63   Thumb Code   450  stm32f10x_usart.o(.text)
    USART_StructInit                         0x08003025   Thumb Code    24  stm32f10x_usart.o(.text)
    USART_ClockInit                          0x0800303d   Thumb Code   162  stm32f10x_usart.o(.text)
    USART_ClockStructInit                    0x080030df   Thumb Code    12  stm32f10x_usart.o(.text)
    USART_Cmd                                0x080030eb   Thumb Code    90  stm32f10x_usart.o(.text)
    USART_ITConfig                           0x08003145   Thumb Code   338  stm32f10x_usart.o(.text)
    USART_DMACmd                             0x08003297   Thumb Code   114  stm32f10x_usart.o(.text)
    USART_SetAddress                         0x08003309   Thumb Code    86  stm32f10x_usart.o(.text)
    USART_WakeUpConfig                       0x0800335f   Thumb Code    90  stm32f10x_usart.o(.text)
    USART_ReceiverWakeUpCmd                  0x080033b9   Thumb Code    94  stm32f10x_usart.o(.text)
    USART_LINBreakDetectLengthConfig         0x08003417   Thumb Code    88  stm32f10x_usart.o(.text)
    USART_LINCmd                             0x0800346f   Thumb Code    94  stm32f10x_usart.o(.text)
    USART_SendData                           0x080034cd   Thumb Code    78  stm32f10x_usart.o(.text)
    USART_ReceiveData                        0x0800351b   Thumb Code    56  stm32f10x_usart.o(.text)
    USART_SendBreak                          0x08003553   Thumb Code    58  stm32f10x_usart.o(.text)
    USART_SetGuardTime                       0x0800358d   Thumb Code    54  stm32f10x_usart.o(.text)
    USART_SetPrescaler                       0x080035c3   Thumb Code    66  stm32f10x_usart.o(.text)
    USART_SmartCardCmd                       0x08003605   Thumb Code   104  stm32f10x_usart.o(.text)
    USART_SmartCardNACKCmd                   0x0800366d   Thumb Code    82  stm32f10x_usart.o(.text)
    USART_HalfDuplexCmd                      0x080036bf   Thumb Code    94  stm32f10x_usart.o(.text)
    USART_OverSampling8Cmd                   0x0800371d   Thumb Code    92  stm32f10x_usart.o(.text)
    USART_OneBitMethodCmd                    0x08003779   Thumb Code    94  stm32f10x_usart.o(.text)
    USART_IrDAConfig                         0x080037d7   Thumb Code    88  stm32f10x_usart.o(.text)
    USART_IrDACmd                            0x0800382f   Thumb Code    94  stm32f10x_usart.o(.text)
    USART_GetFlagStatus                      0x0800388d   Thumb Code   164  stm32f10x_usart.o(.text)
    USART_ClearFlag                          0x08003931   Thumb Code   122  stm32f10x_usart.o(.text)
    USART_GetITStatus                        0x080039ab   Thumb Code   276  stm32f10x_usart.o(.text)
    USART_ClearITPendingBit                  0x08003abf   Thumb Code   156  stm32f10x_usart.o(.text)
    DMA_DeInit                               0x08003b71   Thumb Code   430  stm32f10x_dma.o(.text)
    DMA_Init                                 0x08003d1f   Thumb Code   388  stm32f10x_dma.o(.text)
    DMA_StructInit                           0x08003ea3   Thumb Code    26  stm32f10x_dma.o(.text)
    DMA_Cmd                                  0x08003ebd   Thumb Code   220  stm32f10x_dma.o(.text)
    DMA_ITConfig                             0x08003f99   Thumb Code   174  stm32f10x_dma.o(.text)
    DMA_SetCurrDataCounter                   0x08004047   Thumb Code   116  stm32f10x_dma.o(.text)
    DMA_GetCurrDataCounter                   0x080040bb   Thumb Code   116  stm32f10x_dma.o(.text)
    DMA_GetFlagStatus                        0x0800412f   Thumb Code   326  stm32f10x_dma.o(.text)
    DMA_ClearFlag                            0x08004275   Thumb Code    54  stm32f10x_dma.o(.text)
    DMA_GetITStatus                          0x080042ab   Thumb Code   376  stm32f10x_dma.o(.text)
    DMA_ClearITPendingBit                    0x08004423   Thumb Code    52  stm32f10x_dma.o(.text)
    NVIC_PriorityGroupConfig                 0x0800447d   Thumb Code    54  misc.o(.text)
    NVIC_Init                                0x080044b3   Thumb Code   160  misc.o(.text)
    NVIC_SetVectorTable                      0x08004553   Thumb Code    60  misc.o(.text)
    NVIC_SystemLPConfig                      0x0800458f   Thumb Code    78  misc.o(.text)
    SysTick_CLKSourceConfig                  0x080045dd   Thumb Code    62  misc.o(.text)
    Reset_Handler                            0x08004665   Thumb Code     8  startup_stm32f10x_hd.o(.text)
    ADC1_2_IRQHandler                        0x0800467f   Thumb Code     0  startup_stm32f10x_hd.o(.text)
    ADC3_IRQHandler                          0x0800467f   Thumb Code     0  startup_stm32f10x_hd.o(.text)
    CAN1_RX1_IRQHandler                      0x0800467f   Thumb Code     0  startup_stm32f10x_hd.o(.text)
    CAN1_SCE_IRQHandler                      0x0800467f   Thumb Code     0  startup_stm32f10x_hd.o(.text)
    DMA1_Channel1_IRQHandler                 0x0800467f   Thumb Code     0  startup_stm32f10x_hd.o(.text)
    DMA1_Channel2_IRQHandler                 0x0800467f   Thumb Code     0  startup_stm32f10x_hd.o(.text)
    DMA1_Channel4_IRQHandler                 0x0800467f   Thumb Code     0  startup_stm32f10x_hd.o(.text)
    DMA1_Channel7_IRQHandler                 0x0800467f   Thumb Code     0  startup_stm32f10x_hd.o(.text)
    DMA2_Channel1_IRQHandler                 0x0800467f   Thumb Code     0  startup_stm32f10x_hd.o(.text)
    DMA2_Channel2_IRQHandler                 0x0800467f   Thumb Code     0  startup_stm32f10x_hd.o(.text)
    DMA2_Channel3_IRQHandler                 0x0800467f   Thumb Code     0  startup_stm32f10x_hd.o(.text)
    DMA2_Channel4_5_IRQHandler               0x0800467f   Thumb Code     0  startup_stm32f10x_hd.o(.text)
    EXTI0_IRQHandler                         0x0800467f   Thumb Code     0  startup_stm32f10x_hd.o(.text)
    EXTI15_10_IRQHandler                     0x0800467f   Thumb Code     0  startup_stm32f10x_hd.o(.text)
    EXTI1_IRQHandler                         0x0800467f   Thumb Code     0  startup_stm32f10x_hd.o(.text)
    EXTI2_IRQHandler                         0x0800467f   Thumb Code     0  startup_stm32f10x_hd.o(.text)
    EXTI3_IRQHandler                         0x0800467f   Thumb Code     0  startup_stm32f10x_hd.o(.text)
    EXTI4_IRQHandler                         0x0800467f   Thumb Code     0  startup_stm32f10x_hd.o(.text)
    EXTI9_5_IRQHandler                       0x0800467f   Thumb Code     0  startup_stm32f10x_hd.o(.text)
    FLASH_IRQHandler                         0x0800467f   Thumb Code     0  startup_stm32f10x_hd.o(.text)
    FSMC_IRQHandler                          0x0800467f   Thumb Code     0  startup_stm32f10x_hd.o(.text)
    I2C1_ER_IRQHandler                       0x0800467f   Thumb Code     0  startup_stm32f10x_hd.o(.text)
    I2C1_EV_IRQHandler                       0x0800467f   Thumb Code     0  startup_stm32f10x_hd.o(.text)
    I2C2_ER_IRQHandler                       0x0800467f   Thumb Code     0  startup_stm32f10x_hd.o(.text)
    I2C2_EV_IRQHandler                       0x0800467f   Thumb Code     0  startup_stm32f10x_hd.o(.text)
    PVD_IRQHandler                           0x0800467f   Thumb Code     0  startup_stm32f10x_hd.o(.text)
    RCC_IRQHandler                           0x0800467f   Thumb Code     0  startup_stm32f10x_hd.o(.text)
    RTCAlarm_IRQHandler                      0x0800467f   Thumb Code     0  startup_stm32f10x_hd.o(.text)
    RTC_IRQHandler                           0x0800467f   Thumb Code     0  startup_stm32f10x_hd.o(.text)
    SDIO_IRQHandler                          0x0800467f   Thumb Code     0  startup_stm32f10x_hd.o(.text)
    SPI1_IRQHandler                          0x0800467f   Thumb Code     0  startup_stm32f10x_hd.o(.text)
    SPI2_IRQHandler                          0x0800467f   Thumb Code     0  startup_stm32f10x_hd.o(.text)
    SPI3_IRQHandler                          0x0800467f   Thumb Code     0  startup_stm32f10x_hd.o(.text)
    TAMPER_IRQHandler                        0x0800467f   Thumb Code     0  startup_stm32f10x_hd.o(.text)
    TIM1_BRK_IRQHandler                      0x0800467f   Thumb Code     0  startup_stm32f10x_hd.o(.text)
    TIM1_CC_IRQHandler                       0x0800467f   Thumb Code     0  startup_stm32f10x_hd.o(.text)
    TIM1_TRG_COM_IRQHandler                  0x0800467f   Thumb Code     0  startup_stm32f10x_hd.o(.text)
    TIM1_UP_IRQHandler                       0x0800467f   Thumb Code     0  startup_stm32f10x_hd.o(.text)
    TIM2_IRQHandler                          0x0800467f   Thumb Code     0  startup_stm32f10x_hd.o(.text)
    TIM3_IRQHandler                          0x0800467f   Thumb Code     0  startup_stm32f10x_hd.o(.text)
    TIM4_IRQHandler                          0x0800467f   Thumb Code     0  startup_stm32f10x_hd.o(.text)
    TIM5_IRQHandler                          0x0800467f   Thumb Code     0  startup_stm32f10x_hd.o(.text)
    TIM6_IRQHandler                          0x0800467f   Thumb Code     0  startup_stm32f10x_hd.o(.text)
    TIM7_IRQHandler                          0x0800467f   Thumb Code     0  startup_stm32f10x_hd.o(.text)
    TIM8_BRK_IRQHandler                      0x0800467f   Thumb Code     0  startup_stm32f10x_hd.o(.text)
    TIM8_CC_IRQHandler                       0x0800467f   Thumb Code     0  startup_stm32f10x_hd.o(.text)
    TIM8_TRG_COM_IRQHandler                  0x0800467f   Thumb Code     0  startup_stm32f10x_hd.o(.text)
    TIM8_UP_IRQHandler                       0x0800467f   Thumb Code     0  startup_stm32f10x_hd.o(.text)
    UART4_IRQHandler                         0x0800467f   Thumb Code     0  startup_stm32f10x_hd.o(.text)
    UART5_IRQHandler                         0x0800467f   Thumb Code     0  startup_stm32f10x_hd.o(.text)
    USBWakeUp_IRQHandler                     0x0800467f   Thumb Code     0  startup_stm32f10x_hd.o(.text)
    WWDG_IRQHandler                          0x0800467f   Thumb Code     0  startup_stm32f10x_hd.o(.text)
    __user_initial_stackheap                 0x08004681   Thumb Code     0  startup_stm32f10x_hd.o(.text)
    rt_system_tick_init                      0x080046a5   Thumb Code     2  clock.o(.text)
    rt_tick_get                              0x080046a7   Thumb Code     6  clock.o(.text)
    rt_tick_set                              0x080046ad   Thumb Code    22  clock.o(.text)
    rt_tick_increase                         0x080046c3   Thumb Code    42  clock.o(.text)
    rt_tick_from_millisecond                 0x080046ed   Thumb Code    30  clock.o(.text)
    rt_components_board_init                 0x08004721   Thumb Code    20  components.o(.text)
    rt_components_init                       0x08004735   Thumb Code    20  components.o(.text)
    rt_device_find                           0x08004755   Thumb Code    76  device.o(.text)
    rt_device_register                       0x080047a1   Thumb Code    52  device.o(.text)
    rt_device_unregister                     0x080047d5   Thumb Code    26  device.o(.text)
    rt_device_init_all                       0x080047ef   Thumb Code     4  device.o(.text)
    rt_device_init                           0x080047f3   Thumb Code    64  device.o(.text)
    rt_device_open                           0x08004833   Thumb Code   148  device.o(.text)
    rt_device_close                          0x080048c7   Thumb Code    68  device.o(.text)
    rt_device_read                           0x0800490b   Thumb Code    76  device.o(.text)
    rt_device_write                          0x08004957   Thumb Code    76  device.o(.text)
    rt_device_control                        0x080049a3   Thumb Code    44  device.o(.text)
    rt_device_set_rx_indicate                0x080049cf   Thumb Code    26  device.o(.text)
    rt_device_set_tx_complete                0x080049e9   Thumb Code    26  device.o(.text)
    rt_thread_idle_sethook                   0x08004a89   Thumb Code     6  idle.o(.text)
    rt_thread_idle_excute                    0x08004a8f   Thumb Code   154  idle.o(.text)
    rt_thread_idle_init                      0x08004b3d   Thumb Code    38  idle.o(.text)
    rt_thread_idle_gethandler                0x08004b63   Thumb Code     4  idle.o(.text)
    rt_sem_init                              0x08004c6d   Thumb Code    50  ipc.o(.text)
    rt_sem_detach                            0x08004c9f   Thumb Code    34  ipc.o(.text)
    rt_sem_create                            0x08004cc1   Thumb Code    84  ipc.o(.text)
    rt_sem_delete                            0x08004d15   Thumb Code    78  ipc.o(.text)
    rt_sem_take                              0x08004d63   Thumb Code   266  ipc.o(.text)
    rt_sem_trytake                           0x08004e6d   Thumb Code    14  ipc.o(.text)
    rt_sem_release                           0x08004e7b   Thumb Code    80  ipc.o(.text)
    rt_sem_control                           0x08004ecb   Thumb Code    68  ipc.o(.text)
    rt_mutex_init                            0x08004f0f   Thumb Code    58  ipc.o(.text)
    rt_mutex_detach                          0x08004f49   Thumb Code    36  ipc.o(.text)
    rt_mutex_create                          0x08004f6d   Thumb Code    96  ipc.o(.text)
    rt_mutex_delete                          0x08004fcd   Thumb Code    78  ipc.o(.text)
    rt_mutex_take                            0x0800501b   Thumb Code   534  ipc.o(.text)
    rt_mutex_release                         0x08005231   Thumb Code   272  ipc.o(.text)
    rt_mutex_control                         0x08005341   Thumb Code     8  ipc.o(.text)
    rt_event_init                            0x08005349   Thumb Code    46  ipc.o(.text)
    rt_event_detach                          0x08005377   Thumb Code    36  ipc.o(.text)
    rt_event_create                          0x0800539b   Thumb Code    88  ipc.o(.text)
    rt_event_delete                          0x080053f3   Thumb Code    82  ipc.o(.text)
    rt_event_send                            0x08005445   Thumb Code   272  ipc.o(.text)
    rt_event_recv                            0x08005555   Thumb Code   380  ipc.o(.text)
    rt_event_control                         0x080056d1   Thumb Code    70  ipc.o(.text)
    rt_mb_init                               0x08005717   Thumb Code    76  ipc.o(.text)
    rt_mb_detach                             0x08005763   Thumb Code    44  ipc.o(.text)
    rt_mb_create                             0x0800578f   Thumb Code   128  ipc.o(.text)
    rt_mb_delete                             0x0800580f   Thumb Code    96  ipc.o(.text)
    rt_mb_send_wait                          0x0800586f   Thumb Code   436  ipc.o(.text)
    rt_mb_send                               0x08005a23   Thumb Code    18  ipc.o(.text)
    rt_mb_recv                               0x08005a35   Thumb Code   412  ipc.o(.text)
    rt_mb_control                            0x08005bd1   Thumb Code    82  ipc.o(.text)
    rt_mq_init                               0x08005c23   Thumb Code   118  ipc.o(.text)
    rt_mq_detach                             0x08005c99   Thumb Code    36  ipc.o(.text)
    rt_mq_delete                             0x08005cbd   Thumb Code    88  ipc.o(.text)
    rt_mq_create                             0x08005d15   Thumb Code   174  ipc.o(.text)
    rt_mq_send                               0x08005dc3   Thumb Code   290  ipc.o(.text)
    rt_mq_urgent                             0x08005ee5   Thumb Code   198  ipc.o(.text)
    rt_mq_recv                               0x08005fab   Thumb Code   438  ipc.o(.text)
    rt_mq_control                            0x08006161   Thumb Code    98  ipc.o(.text)
    rt_interrupt_enter_sethook               0x08006219   Thumb Code     6  irq.o(.text)
    rt_interrupt_leave_sethook               0x0800621f   Thumb Code     6  irq.o(.text)
    rt_interrupt_enter                       0x08006225   Thumb Code    46  irq.o(.text)
    rt_interrupt_leave                       0x08006253   Thumb Code    46  irq.o(.text)
    rt_interrupt_get_nest                    0x08006281   Thumb Code     6  irq.o(.text)
    rt_get_errno                             0x08006295   Thumb Code    32  kservice.o(.text)
    rt_set_errno                             0x080062b5   Thumb Code    36  kservice.o(.text)
    _rt_errno                                0x080062d9   Thumb Code    30  kservice.o(.text)
    rt_memset                                0x080062f7   Thumb Code    72  kservice.o(.text)
    rt_memcpy                                0x0800633f   Thumb Code   120  kservice.o(.text)
    rt_memmove                               0x080063b7   Thumb Code    66  kservice.o(.text)
    rt_memcmp                                0x080063f9   Thumb Code    38  kservice.o(.text)
    rt_strlen                                0x0800641f   Thumb Code    18  kservice.o(.text)
    rt_strstr                                0x08006431   Thumb Code    58  kservice.o(.text)
    rt_strcasecmp                            0x0800646b   Thumb Code    48  kservice.o(.text)
    rt_strncpy                               0x0800649b   Thumb Code    52  kservice.o(.text)
    rt_strncmp                               0x080064cf   Thumb Code    40  kservice.o(.text)
    rt_strcmp                                0x080064f7   Thumb Code    28  kservice.o(.text)
    rt_strnlen                               0x08006513   Thumb Code    24  kservice.o(.text)
    rt_strdup                                0x0800652b   Thumb Code    40  kservice.o(.text)
    rt_hw_console_output                     0x08006553   Thumb Code     2  kservice.o(.text)
    rt_vsnprintf                             0x080066eb   Thumb Code   800  kservice.o(.text)
    rt_kprintf                               0x08006a0b   Thumb Code    96  kservice.o(.text)
    rt_show_version                          0x08006a6b   Thumb Code    38  kservice.o(.text)
    rt_snprintf                              0x08006a91   Thumb Code    38  kservice.o(.text)
    rt_vsprintf                              0x08006ab7   Thumb Code    22  kservice.o(.text)
    rt_sprintf                               0x08006acd   Thumb Code    34  kservice.o(.text)
    rt_console_get_device                    0x08006aef   Thumb Code     6  kservice.o(.text)
    rt_console_set_device                    0x08006af5   Thumb Code    48  kservice.o(.text)
    rt_kputs                                 0x08006b25   Thumb Code    78  kservice.o(.text)
    rt_malloc_align                          0x08006b73   Thumb Code    66  kservice.o(.text)
    rt_free_align                            0x08006bb5   Thumb Code    16  kservice.o(.text)
    rt_assert_set_hook                       0x08006bc5   Thumb Code     6  kservice.o(.text)
    rt_assert_handler                        0x08006bcb   Thumb Code    56  kservice.o(.text)
    rt_malloc_sethook                        0x08006cd9   Thumb Code     6  mem.o(.text)
    rt_free_sethook                          0x08006cdf   Thumb Code     6  mem.o(.text)
    rt_system_heap_init                      0x08006d85   Thumb Code   204  mem.o(.text)
    rt_malloc                                0x08006e51   Thumb Code   522  mem.o(.text)
    rt_free                                  0x0800705b   Thumb Code   650  mem.o(.text)
    rt_realloc                               0x080072e5   Thumb Code   324  mem.o(.text)
    rt_calloc                                0x08007429   Thumb Code    84  mem.o(.text)
    rt_memory_info                           0x0800747d   Thumb Code    26  mem.o(.text)
    list_mem                                 0x08007497   Thumb Code    34  mem.o(.text)
    rt_object_attach_sethook                 0x08007579   Thumb Code     6  object.o(.text)
    rt_object_detach_sethook                 0x0800757f   Thumb Code     6  object.o(.text)
    rt_object_trytake_sethook                0x08007585   Thumb Code     6  object.o(.text)
    rt_object_take_sethook                   0x0800758b   Thumb Code     6  object.o(.text)
    rt_object_put_sethook                    0x08007591   Thumb Code     6  object.o(.text)
    rt_system_object_init                    0x08007597   Thumb Code     2  object.o(.text)
    rt_object_get_information                0x08007599   Thumb Code    10  object.o(.text)
    rt_object_init                           0x080075a3   Thumb Code    76  object.o(.text)
    rt_object_detach                         0x080075ef   Thumb Code    56  object.o(.text)
    rt_object_allocate                       0x08007627   Thumb Code   132  object.o(.text)
    rt_object_delete                         0x080076ab   Thumb Code    84  object.o(.text)
    rt_object_is_systemobject                0x080076ff   Thumb Code    34  object.o(.text)
    rt_object_find                           0x08007721   Thumb Code   126  object.o(.text)
    rt_scheduler_sethook                     0x08007835   Thumb Code     6  scheduler.o(.text)
    rt_system_scheduler_init                 0x08007895   Thumb Code    56  scheduler.o(.text)
    rt_system_scheduler_start                0x080078cd   Thumb Code    36  scheduler.o(.text)
    rt_schedule                              0x080078f1   Thumb Code   154  scheduler.o(.text)
    rt_schedule_insert_thread                0x0800798b   Thumb Code    82  scheduler.o(.text)
    rt_schedule_remove_thread                0x080079dd   Thumb Code    94  scheduler.o(.text)
    rt_enter_critical                        0x08007a3b   Thumb Code    28  scheduler.o(.text)
    rt_exit_critical                         0x08007a57   Thumb Code    54  scheduler.o(.text)
    rt_critical_level                        0x08007a8d   Thumb Code     8  scheduler.o(.text)
    rt_thread_suspend_sethook                0x08007b51   Thumb Code     6  thread.o(.text)
    rt_thread_resume_sethook                 0x08007b57   Thumb Code     6  thread.o(.text)
    rt_thread_inited_sethook                 0x08007b5d   Thumb Code     6  thread.o(.text)
    rt_thread_exit                           0x08007b63   Thumb Code    76  thread.o(.text)
    rt_thread_timeout                        0x08007baf   Thumb Code    70  thread.o(.text)
    rt_thread_init                           0x08007c9b   Thumb Code    74  thread.o(.text)
    rt_thread_self                           0x08007ce5   Thumb Code     6  thread.o(.text)
    rt_thread_resume                         0x08007ceb   Thumb Code   100  thread.o(.text)
    rt_thread_startup                        0x08007d4f   Thumb Code    88  thread.o(.text)
    rt_thread_detach                         0x08007da7   Thumb Code    84  thread.o(.text)
    rt_thread_create                         0x08007dfb   Thumb Code    80  thread.o(.text)
    rt_thread_delete                         0x08007e4b   Thumb Code    74  thread.o(.text)
    rt_thread_yield                          0x08007e95   Thumb Code    92  thread.o(.text)
    rt_thread_suspend                        0x08007ef1   Thumb Code   356  thread.o(.text)
    rt_thread_sleep                          0x08008055   Thumb Code    76  thread.o(.text)
    rt_thread_delay                          0x080080a1   Thumb Code    12  thread.o(.text)
    rt_thread_control                        0x080080ad   Thumb Code   134  thread.o(.text)
    rt_thread_find                           0x08008133   Thumb Code    76  thread.o(.text)
    rt_timer_timeout_sethook                 0x080081a3   Thumb Code     6  timer.o(.text)
    rt_timer_init                            0x08008235   Thumb Code    58  timer.o(.text)
    rt_timer_detach                          0x0800826f   Thumb Code    44  timer.o(.text)
    rt_timer_create                          0x0800829b   Thumb Code    54  timer.o(.text)
    rt_timer_delete                          0x080082d1   Thumb Code    46  timer.o(.text)
    rt_timer_start                           0x080082ff   Thumb Code   292  timer.o(.text)
    rt_timer_stop                            0x08008423   Thumb Code    80  timer.o(.text)
    rt_timer_control                         0x08008473   Thumb Code    76  timer.o(.text)
    rt_timer_check                           0x080084bf   Thumb Code   148  timer.o(.text)
    rt_timer_next_timeout_tick               0x08008553   Thumb Code    10  timer.o(.text)
    rt_system_timer_init                     0x0800855d   Thumb Code    24  timer.o(.text)
    rt_system_timer_thread_init              0x08008575   Thumb Code     2  timer.o(.text)
    rt_hw_stack_init                         0x080085f1   Thumb Code    70  cpuport.o(.text)
    rt_hw_exception_install                  0x08008637   Thumb Code     6  cpuport.o(.text)
    rt_hw_hard_fault_exception               0x0800881b   Thumb Code   198  cpuport.o(.text)
    rt_hw_cpu_shutdown                       0x080088e1   Thumb Code    22  cpuport.o(.text)
    rt_hw_interrupt_disable                  0x08008bc5   Thumb Code     8  context_rvds.o(.text)
    rt_hw_interrupt_enable                   0x08008bcd   Thumb Code     6  context_rvds.o(.text)
    rt_hw_context_switch                     0x08008bd3   Thumb Code    32  context_rvds.o(.text)
    rt_hw_context_switch_interrupt           0x08008bd3   Thumb Code     0  context_rvds.o(.text)
    PendSV_Handler                           0x08008bf3   Thumb Code    60  context_rvds.o(.text)
    rt_hw_context_switch_to                  0x08008c2f   Thumb Code    58  context_rvds.o(.text)
    rt_hw_interrupt_thread_switch            0x08008c69   Thumb Code     2  context_rvds.o(.text)
    HardFault_Handler                        0x08008c6b   Thumb Code    46  context_rvds.o(.text)
    rt_hw_serial_register                    0x0800951d   Thumb Code    82  serial.o(.text)
    rt_hw_serial_isr                         0x0800956f   Thumb Code   486  serial.o(.text)
    rt_completion_init                       0x080098e5   Thumb Code    42  completion.o(.text)
    rt_completion_wait                       0x0800990f   Thumb Code   198  completion.o(.text)
    rt_completion_done                       0x080099d5   Thumb Code    76  completion.o(.text)
    rt_data_queue_init                       0x08009abb   Thumb Code    76  dataqueue.o(.text)
    rt_data_queue_push                       0x08009b07   Thumb Code   282  dataqueue.o(.text)
    rt_data_queue_pop                        0x08009c21   Thumb Code   342  dataqueue.o(.text)
    rt_data_queue_peak                       0x08009d77   Thumb Code   104  dataqueue.o(.text)
    rt_data_queue_reset                      0x08009ddf   Thumb Code   106  dataqueue.o(.text)
    finsh_set_device                         0x08009f2f   Thumb Code   156  shell.o(.text)
    finsh_get_device                         0x08009fcb   Thumb Code    28  shell.o(.text)
    finsh_set_echo                           0x08009fe7   Thumb Code    30  shell.o(.text)
    finsh_get_echo                           0x0800a005   Thumb Code    32  shell.o(.text)
    finsh_run_line                           0x0800a041   Thumb Code   164  shell.o(.text)
    finsh_thread_entry                       0x0800a1d7   Thumb Code  1430  shell.o(.text)
    finsh_system_function_init               0x0800a76d   Thumb Code    10  shell.o(.text)
    finsh_system_var_init                    0x0800a777   Thumb Code    10  shell.o(.text)
    finsh_system_init                        0x0800a781   Thumb Code   122  shell.o(.text)
    hello                                    0x0800a865   Thumb Code    12  cmd.o(.text)
    version                                  0x0800a871   Thumb Code    10  cmd.o(.text)
    list_thread                              0x0800a975   Thumb Code    10  cmd.o(.text)
    list_sem                                 0x0800aa37   Thumb Code    12  cmd.o(.text)
    list_event                               0x0800aac1   Thumb Code    12  cmd.o(.text)
    list_mutex                               0x0800ab29   Thumb Code    12  cmd.o(.text)
    list_mailbox                             0x0800abd9   Thumb Code    12  cmd.o(.text)
    list_msgqueue                            0x0800af5f   Thumb Code    10  cmd.o(.text)
    list_mempool                             0x0800afef   Thumb Code    12  cmd.o(.text)
    list_timer                               0x0800b06b   Thumb Code    12  cmd.o(.text)
    list_device                              0x0800b0f3   Thumb Code    12  cmd.o(.text)
    list                                     0x0800b0ff   Thumb Code   126  cmd.o(.text)
    list_prefix                              0x0800b1bf   Thumb Code   998  cmd.o(.text)
    finsh_compiler_run                       0x0800cd87   Thumb Code    88  finsh_compiler.o(.text)
    finsh_error_init                         0x0800cdf1   Thumb Code     8  finsh_error.o(.text)
    finsh_error_set                          0x0800cdf9   Thumb Code    10  finsh_error.o(.text)
    finsh_errno                              0x0800ce03   Thumb Code     6  finsh_error.o(.text)
    finsh_error_string                       0x0800ce09   Thumb Code    10  finsh_error.o(.text)
    finsh_heap_init                          0x0800ce1d   Thumb Code    36  finsh_heap.o(.text)
    finsh_heap_free                          0x0800cf41   Thumb Code    34  finsh_heap.o(.text)
    finsh_heap_allocate                      0x0800cfb1   Thumb Code   106  finsh_heap.o(.text)
    finsh_init                               0x0800d02d   Thumb Code    30  finsh_init.o(.text)
    finsh_stack_bottom                       0x0800d04b   Thumb Code     6  finsh_init.o(.text)
    finsh_flush                              0x0800d051   Thumb Code    22  finsh_init.o(.text)
    finsh_reset                              0x0800d067   Thumb Code    24  finsh_init.o(.text)
    finsh_node_init                          0x0800d085   Thumb Code    16  finsh_node.o(.text)
    finsh_node_allocate                      0x0800d095   Thumb Code    56  finsh_node.o(.text)
    finsh_node_new_id                        0x0800d0cd   Thumb Code   118  finsh_node.o(.text)
    finsh_node_new_char                      0x0800d143   Thumb Code    30  finsh_node.o(.text)
    finsh_node_new_int                       0x0800d161   Thumb Code    30  finsh_node.o(.text)
    finsh_node_new_long                      0x0800d17f   Thumb Code    30  finsh_node.o(.text)
    finsh_node_new_string                    0x0800d19d   Thumb Code    74  finsh_node.o(.text)
    finsh_node_new_ptr                       0x0800d1e7   Thumb Code    30  finsh_node.o(.text)
    OP_no_op                                 0x0800d209   Thumb Code     2  finsh_ops.o(.text)
    OP_add_byte                              0x0800d20b   Thumb Code    42  finsh_ops.o(.text)
    OP_add_word                              0x0800d235   Thumb Code    44  finsh_ops.o(.text)
    OP_add_dword                             0x0800d261   Thumb Code    42  finsh_ops.o(.text)
    OP_sub_byte                              0x0800d28b   Thumb Code    42  finsh_ops.o(.text)
    OP_sub_word                              0x0800d2b5   Thumb Code    44  finsh_ops.o(.text)
    OP_sub_dword                             0x0800d2e1   Thumb Code    42  finsh_ops.o(.text)
    OP_div_byte                              0x0800d30b   Thumb Code    44  finsh_ops.o(.text)
    OP_div_word                              0x0800d337   Thumb Code    46  finsh_ops.o(.text)
    OP_div_dword                             0x0800d365   Thumb Code    44  finsh_ops.o(.text)
    OP_mod_byte                              0x0800d391   Thumb Code    48  finsh_ops.o(.text)
    OP_mod_word                              0x0800d3c1   Thumb Code    48  finsh_ops.o(.text)
    OP_mod_dword                             0x0800d3f1   Thumb Code    48  finsh_ops.o(.text)
    OP_mul_byte                              0x0800d421   Thumb Code    42  finsh_ops.o(.text)
    OP_mul_word                              0x0800d44b   Thumb Code    44  finsh_ops.o(.text)
    OP_mul_dword                             0x0800d477   Thumb Code    42  finsh_ops.o(.text)
    OP_and_byte                              0x0800d4a1   Thumb Code    42  finsh_ops.o(.text)
    OP_and_word                              0x0800d4cb   Thumb Code    42  finsh_ops.o(.text)
    OP_and_dword                             0x0800d4f5   Thumb Code    42  finsh_ops.o(.text)
    OP_or_byte                               0x0800d51f   Thumb Code    42  finsh_ops.o(.text)
    OP_or_word                               0x0800d549   Thumb Code    42  finsh_ops.o(.text)
    OP_or_dword                              0x0800d573   Thumb Code    42  finsh_ops.o(.text)
    OP_xor_byte                              0x0800d59d   Thumb Code    42  finsh_ops.o(.text)
    OP_xor_word                              0x0800d5c7   Thumb Code    46  finsh_ops.o(.text)
    OP_xor_dword                             0x0800d5f5   Thumb Code    42  finsh_ops.o(.text)
    OP_bw_byte                               0x0800d61f   Thumb Code    20  finsh_ops.o(.text)
    OP_bw_word                               0x0800d633   Thumb Code    20  finsh_ops.o(.text)
    OP_bw_dword                              0x0800d647   Thumb Code    20  finsh_ops.o(.text)
    OP_shl_byte                              0x0800d65b   Thumb Code    42  finsh_ops.o(.text)
    OP_shl_word                              0x0800d685   Thumb Code    44  finsh_ops.o(.text)
    OP_shl_dword                             0x0800d6b1   Thumb Code    42  finsh_ops.o(.text)
    OP_shr_byte                              0x0800d6db   Thumb Code    42  finsh_ops.o(.text)
    OP_shr_word                              0x0800d705   Thumb Code    42  finsh_ops.o(.text)
    OP_shr_dword                             0x0800d72f   Thumb Code    42  finsh_ops.o(.text)
    OP_ld_byte                               0x0800d759   Thumb Code    34  finsh_ops.o(.text)
    OP_ld_word                               0x0800d77b   Thumb Code    46  finsh_ops.o(.text)
    OP_ld_dword                              0x0800d7a9   Thumb Code    64  finsh_ops.o(.text)
    OP_ld_value_byte                         0x0800d7e9   Thumb Code    66  finsh_ops.o(.text)
    OP_ld_value_byte_stack                   0x0800d82b   Thumb Code    20  finsh_ops.o(.text)
    OP_ld_value_word                         0x0800d83f   Thumb Code    66  finsh_ops.o(.text)
    OP_ld_value_word_stack                   0x0800d881   Thumb Code    20  finsh_ops.o(.text)
    OP_ld_value_dword                        0x0800d895   Thumb Code    66  finsh_ops.o(.text)
    OP_ld_value_dword_stack                  0x0800d8d7   Thumb Code    20  finsh_ops.o(.text)
    OP_st_byte                               0x0800d8eb   Thumb Code    30  finsh_ops.o(.text)
    OP_st_word                               0x0800d909   Thumb Code    30  finsh_ops.o(.text)
    OP_st_dword                              0x0800d927   Thumb Code    30  finsh_ops.o(.text)
    OP_pop                                   0x0800d945   Thumb Code    12  finsh_ops.o(.text)
    OP_call                                  0x0800d951   Thumb Code   906  finsh_ops.o(.text)
    finsh_parser_run                         0x0800e571   Thumb Code   220  finsh_parser.o(.text)
    finsh_parser_init                        0x0800e64d   Thumb Code    16  finsh_parser.o(.text)
    finsh_var_init                           0x0800e65d   Thumb Code    14  finsh_var.o(.text)
    finsh_var_insert                         0x0800e66b   Thumb Code   112  finsh_var.o(.text)
    finsh_var_delete                         0x0800e6db   Thumb Code    68  finsh_var.o(.text)
    finsh_var_lookup                         0x0800e71f   Thumb Code    58  finsh_var.o(.text)
    finsh_sysvar_append                      0x0800e759   Thumb Code    62  finsh_var.o(.text)
    finsh_sysvar_lookup                      0x0800e797   Thumb Code    78  finsh_var.o(.text)
    finsh_vm_run                             0x0800e7f5   Thumb Code    62  finsh_vm.o(.text)
    finsh_syscall_append                     0x0800e833   Thumb Code    54  finsh_vm.o(.text)
    finsh_syscall_lookup                     0x0800e869   Thumb Code    78  finsh_vm.o(.text)
    finsh_token_init                         0x0800e8d9   Thumb Code    20  finsh_token.o(.text)
    token_get_string                         0x0800ecf1   Thumb Code   120  finsh_token.o(.text)
    finsh_token_token                        0x0800ef29   Thumb Code    24  finsh_token.o(.text)
    finsh_token_get_token                    0x0800ef41   Thumb Code    20  finsh_token.o(.text)
    atoi                                     0x0800ef59   Thumb Code    26  atoi.o(.text)
    memcmp                                   0x0800ef73   Thumb Code    88  memcmp.o(.text)
    strlen                                   0x0800efcb   Thumb Code    62  strlen.o(.text)
    strncmp                                  0x0800f009   Thumb Code   150  strncmp.o(.text)
    __aeabi_memcpy                           0x0800f09f   Thumb Code     0  rt_memcpy_v6.o(.text)
    __rt_memcpy                              0x0800f09f   Thumb Code   138  rt_memcpy_v6.o(.text)
    _memcpy_lastbytes                        0x0800f105   Thumb Code     0  rt_memcpy_v6.o(.text)
    __aeabi_memcpy4                          0x0800f129   Thumb Code     0  rt_memcpy_w.o(.text)
    __aeabi_memcpy8                          0x0800f129   Thumb Code     0  rt_memcpy_w.o(.text)
    __rt_memcpy_w                            0x0800f129   Thumb Code   100  rt_memcpy_w.o(.text)
    _memcpy_lastbytes_aligned                0x0800f171   Thumb Code     0  rt_memcpy_w.o(.text)
    __aeabi_memclr                           0x0800f18d   Thumb Code     0  rt_memclr.o(.text)
    __rt_memclr                              0x0800f18d   Thumb Code    68  rt_memclr.o(.text)
    _memset                                  0x0800f191   Thumb Code     0  rt_memclr.o(.text)
    __aeabi_memclr4                          0x0800f1d1   Thumb Code     0  rt_memclr_w.o(.text)
    __aeabi_memclr8                          0x0800f1d1   Thumb Code     0  rt_memclr_w.o(.text)
    __rt_memclr_w                            0x0800f1d1   Thumb Code    78  rt_memclr_w.o(.text)
    _memset_w                                0x0800f1d5   Thumb Code     0  rt_memclr_w.o(.text)
    strncpy                                  0x0800f21f   Thumb Code    86  strncpy.o(.text)
    strcmp                                   0x0800f275   Thumb Code   128  strcmpv7m.o(.text)
    __use_two_region_memory                  0x0800f2f5   Thumb Code     2  heapauxi.o(.text)
    __rt_heap_escrow$2region                 0x0800f2f7   Thumb Code     2  heapauxi.o(.text)
    __rt_heap_expand$2region                 0x0800f2f9   Thumb Code     2  heapauxi.o(.text)
    __aeabi_errno_addr                       0x0800f2fd   Thumb Code     8  rt_errno_addr_intlibspace.o(.text)
    __errno$intlibspace                      0x0800f2fd   Thumb Code     0  rt_errno_addr_intlibspace.o(.text)
    __rt_errno_addr$intlibspace              0x0800f2fd   Thumb Code     0  rt_errno_addr_intlibspace.o(.text)
    strtol                                   0x0800f305   Thumb Code   112  strtol.o(.text)
    __user_libspace                          0x0800f375   Thumb Code     8  libspace.o(.text)
    __user_perproc_libspace                  0x0800f375   Thumb Code     0  libspace.o(.text)
    __user_perthread_libspace                0x0800f375   Thumb Code     0  libspace.o(.text)
    __rt_ctype_table                         0x0800f37d   Thumb Code    16  rt_ctype_table.o(.text)
    _strtoul                                 0x0800f38d   Thumb Code   158  _strtoul.o(.text)
    __user_setup_stackheap                   0x0800f42b   Thumb Code    74  sys_stackheap_outer.o(.text)
    __rt_locale                              0x0800f475   Thumb Code     8  rt_locale_intlibspace.o(.text)
    _chval                                   0x0800f47d   Thumb Code    28  _chval.o(.text)
    exit                                     0x0800f499   Thumb Code    12  exit.o(.text)
    _sys_exit                                0x0800f4a5   Thumb Code     8  sys_exit.o(.text)
    __I$use$semihosting                      0x0800f4b1   Thumb Code     0  use_no_semi.o(.text)
    __use_no_semihosting_swi                 0x0800f4b1   Thumb Code     2  use_no_semi.o(.text)
    __semihosting_library_function           0x0800f4b3   Thumb Code     0  indicate_semi.o(.text)
    _get_lc_ctype                            0x0800f4b5   Thumb Code    44  lc_ctype_c.o(locale$$code)
    TX_ADDRESS                               0x0800f53c   Data           5  nrf24l01.o(.constdata)
    RX_ADDRESS                               0x0800f541   Data           5  nrf24l01.o(.constdata)
    op_table                                 0x0800fd9c   Data         196  finsh_ops.o(.constdata)
    __fsym_led_name                          0x0801009a   Data           4  led.o(.rodata.name)
    __fsym_led_desc                          0x0801009e   Data          32  led.o(.rodata.name)
    __fsym_list_mem_name                     0x080100be   Data           9  mem.o(.rodata.name)
    __fsym_list_mem_desc                     0x080100c7   Data          30  mem.o(.rodata.name)
    __fsym_hello_name                        0x080100e5   Data           6  cmd.o(.rodata.name)
    __fsym_hello_desc                        0x080100eb   Data          16  cmd.o(.rodata.name)
    __fsym_version_name                      0x080100fb   Data           8  cmd.o(.rodata.name)
    __fsym_version_desc                      0x08010103   Data          35  cmd.o(.rodata.name)
    __fsym_list_thread_name                  0x08010126   Data          12  cmd.o(.rodata.name)
    __fsym_list_thread_desc                  0x08010132   Data          12  cmd.o(.rodata.name)
    __fsym_list_sem_name                     0x0801013e   Data           9  cmd.o(.rodata.name)
    __fsym_list_sem_desc                     0x08010147   Data          25  cmd.o(.rodata.name)
    __fsym_list_event_name                   0x08010160   Data          11  cmd.o(.rodata.name)
    __fsym_list_event_desc                   0x0801016b   Data          21  cmd.o(.rodata.name)
    __fsym_list_mutex_name                   0x08010180   Data          11  cmd.o(.rodata.name)
    __fsym_list_mutex_desc                   0x0801018b   Data          21  cmd.o(.rodata.name)
    __fsym_list_mailbox_name                 0x080101a0   Data          13  cmd.o(.rodata.name)
    __fsym_list_mailbox_desc                 0x080101ad   Data          24  cmd.o(.rodata.name)
    __fsym_list_msgqueue_name                0x080101c5   Data          14  cmd.o(.rodata.name)
    __fsym_list_msgqueue_desc                0x080101d3   Data          29  cmd.o(.rodata.name)
    __fsym_list_mempool_name                 0x080101f0   Data          13  cmd.o(.rodata.name)
    __fsym_list_mempool_desc                 0x080101fd   Data          27  cmd.o(.rodata.name)
    __fsym_list_timer_name                   0x08010218   Data          11  cmd.o(.rodata.name)
    __fsym_list_timer_desc                   0x08010223   Data          21  cmd.o(.rodata.name)
    __fsym_list_device_name                  0x08010238   Data          12  cmd.o(.rodata.name)
    __fsym_list_device_desc                  0x08010244   Data          22  cmd.o(.rodata.name)
    __fsym_list_name                         0x0801025a   Data           5  cmd.o(.rodata.name)
    __fsym_list_desc                         0x0801025f   Data          26  cmd.o(.rodata.name)
    __vsym_dummy_name                        0x08010279   Data           6  cmd.o(.rodata.name)
    __vsym_dummy_desc                        0x0801027f   Data          25  cmd.o(.rodata.name)
    __rt_init_rti_start                      0x08010298   Data           4  components.o(.rti_fn.0)
    __rt_init_rti_board_start                0x0801029c   Data           4  components.o(.rti_fn.0.end)
    __rt_init_rti_board_end                  0x080102a0   Data           4  components.o(.rti_fn.1.end)
    __rt_init_finsh_system_init              0x080102a4   Data           4  shell.o(.rti_fn.6)
    __rt_init_rti_end                        0x080102a8   Data           4  components.o(.rti_fn.6.end)
    FSymTab$$Base                            0x080102ac   Number         0  led.o(FSymTab)
    __fsym_led                               0x080102ac   Data          12  led.o(FSymTab)
    __fsym_list_mem                          0x080102b8   Data          12  mem.o(FSymTab)
    __fsym_hello                             0x080102c4   Data          12  cmd.o(FSymTab)
    __fsym_version                           0x080102d0   Data          12  cmd.o(FSymTab)
    __fsym_list_thread                       0x080102dc   Data          12  cmd.o(FSymTab)
    __fsym_list_sem                          0x080102e8   Data          12  cmd.o(FSymTab)
    __fsym_list_event                        0x080102f4   Data          12  cmd.o(FSymTab)
    __fsym_list_mutex                        0x08010300   Data          12  cmd.o(FSymTab)
    __fsym_list_mailbox                      0x0801030c   Data          12  cmd.o(FSymTab)
    __fsym_list_msgqueue                     0x08010318   Data          12  cmd.o(FSymTab)
    __fsym_list_mempool                      0x08010324   Data          12  cmd.o(FSymTab)
    __fsym_list_timer                        0x08010330   Data          12  cmd.o(FSymTab)
    __fsym_list_device                       0x0801033c   Data          12  cmd.o(FSymTab)
    __fsym_list                              0x08010348   Data          12  cmd.o(FSymTab)
    FSymTab$$Limit                           0x08010354   Number         0  cmd.o(FSymTab)
    Region$$Table$$Base                      0x08010354   Number         0  anon$$obj.o(Region$$Table)
    Region$$Table$$Limit                     0x08010374   Number         0  anon$$obj.o(Region$$Table)
    VSymTab$$Base                            0x08010374   Number         0  cmd.o(VSymTab)
    __vsym_dummy                             0x08010374   Data          16  cmd.o(VSymTab)
    VSymTab$$Limit                           0x08010384   Number         0  cmd.o(VSymTab)
    __ctype                                  0x08010391   Data           0  lc_ctype_c.o(locale$$data)
    uart1                                    0x20000004   Data          28  usart.o(.data)
    uart2                                    0x20000020   Data          28  usart.o(.data)
    uart3                                    0x2000003c   Data          28  usart.o(.data)
    SystemCoreClock                          0x20000058   Data           4  system_stm32f10x.o(.data)
    AHBPrescTable                            0x2000005c   Data          16  system_stm32f10x.o(.data)
    rt_interrupt_nest                        0x20000090   Data           1  irq.o(.data)
    rt_assert_hook                           0x2000009c   Data           4  kservice.o(.data)
    rt_object_container                      0x200000c0   Data         144  object.o(.data)
    rt_object_trytake_hook                   0x20000158   Data           4  object.o(.data)
    rt_object_take_hook                      0x2000015c   Data           4  object.o(.data)
    rt_object_put_hook                       0x20000160   Data           4  object.o(.data)
    rt_current_thread                        0x20000168   Data           4  scheduler.o(.data)
    rt_current_priority                      0x2000016c   Data           1  scheduler.o(.data)
    rt_thread_ready_priority_group           0x20000170   Data           4  scheduler.o(.data)
    rt_thread_defunct                        0x20000174   Data           8  scheduler.o(.data)
    rt_interrupt_from_thread                 0x200001a0   Data           4  cpuport.o(.data)
    rt_interrupt_to_thread                   0x200001a4   Data           4  cpuport.o(.data)
    rt_thread_switch_interrupt_flag          0x200001a8   Data           4  cpuport.o(.data)
    shell                                    0x200001ac   Data           4  shell.o(.data)
    _syscall_table_begin                     0x200001b0   Data           4  symbol.o(.data)
    _syscall_table_end                       0x200001b4   Data           4  symbol.o(.data)
    _sysvar_table_begin                      0x200001b8   Data           4  symbol.o(.data)
    _sysvar_table_end                        0x200001bc   Data           4  symbol.o(.data)
    finsh_compile_sp                         0x200001c4   Data           4  finsh_compiler.o(.data)
    finsh_compile_pc                         0x200001c8   Data           4  finsh_compiler.o(.data)
    global_errno                             0x20000208   Data           1  finsh_error.o(.data)
    global_sysvar_list                       0x20000214   Data           4  finsh_var.o(.data)
    global_syscall_list                      0x20000218   Data           4  finsh_vm.o(.data)
    finsh_sp                                 0x2000021c   Data           4  finsh_vm.o(.data)
    finsh_pc                                 0x20000220   Data           4  finsh_vm.o(.data)
    serial1                                  0x200004a4   Data          84  usart.o(.bss)
    serial2                                  0x200004f8   Data          84  usart.o(.bss)
    serial3                                  0x2000054c   Data          84  usart.o(.bss)
    rt_thread_priority_table                 0x20000a40   Data         256  scheduler.o(.bss)
    finsh_heap                               0x200013c0   Data         128  finsh_heap.o(.bss)
    global_node_table                        0x20001440   Data         320  finsh_node.o(.bss)
    global_variable                          0x20001580   Data         192  finsh_var.o(.bss)
    finsh_vm_stack                           0x20001640   Data         256  finsh_vm.o(.bss)
    text_segment                             0x20001740   Data         128  finsh_vm.o(.bss)
    __libspace_start                         0x200017c0   Data          96  libspace.o(.bss)
    __temporary_stack_top$libspace           0x20001820   Data           0  libspace.o(.bss)
    Image$$RW_IRAM1$$ZI$$Limit               0x20001e20   Number         0  startup_stm32f10x_hd.o(STACK)



==============================================================================

Memory Map of the image

  Image Entry point : 0x08000131

  Load Region LR_IROM1 (Base: 0x08000000, Size: 0x000106b8, Max: 0x00080000, ABSOLUTE, COMPRESSED[0x00010554])

    Execution Region ER_IROM1 (Base: 0x08000000, Size: 0x00010494, Max: 0x00080000, ABSOLUTE)

    Base Addr    Size         Type   Attr      Idx    E Section Name        Object

    0x08000000   0x00000130   Data   RO          868    RESET               startup_stm32f10x_hd.o
    0x08000130   0x00000008   Code   RO         1524  * !!!main             c_w.l(__main.o)
    0x08000138   0x00000034   Code   RO         1701    !!!scatter          c_w.l(__scatter.o)
    0x0800016c   0x0000005a   Code   RO         1699    !!dczerorl2         c_w.l(__dczerorl2.o)
    0x080001c6   0x00000002   PAD
    0x080001c8   0x0000001c   Code   RO         1703    !!handler_zi        c_w.l(__scatter_zi.o)
    0x080001e4   0x00000002   Code   RO         1575    .ARM.Collect$$libinit$$00000000  c_w.l(libinit.o)
    0x080001e6   0x00000000   Code   RO         1579    .ARM.Collect$$libinit$$00000002  c_w.l(libinit2.o)
    0x080001e6   0x00000000   Code   RO         1582    .ARM.Collect$$libinit$$00000008  c_w.l(libinit2.o)
    0x080001e6   0x00000000   Code   RO         1584    .ARM.Collect$$libinit$$0000000A  c_w.l(libinit2.o)
    0x080001e6   0x00000000   Code   RO         1586    .ARM.Collect$$libinit$$0000000C  c_w.l(libinit2.o)
    0x080001e6   0x00000006   Code   RO         1587    .ARM.Collect$$libinit$$0000000D  c_w.l(libinit2.o)
    0x080001ec   0x00000000   Code   RO         1589    .ARM.Collect$$libinit$$0000000F  c_w.l(libinit2.o)
    0x080001ec   0x0000000c   Code   RO         1590    .ARM.Collect$$libinit$$00000010  c_w.l(libinit2.o)
    0x080001f8   0x00000000   Code   RO         1591    .ARM.Collect$$libinit$$00000011  c_w.l(libinit2.o)
    0x080001f8   0x00000000   Code   RO         1593    .ARM.Collect$$libinit$$00000013  c_w.l(libinit2.o)
    0x080001f8   0x00000000   Code   RO         1595    .ARM.Collect$$libinit$$00000015  c_w.l(libinit2.o)
    0x080001f8   0x00000000   Code   RO         1597    .ARM.Collect$$libinit$$00000017  c_w.l(libinit2.o)
    0x080001f8   0x00000000   Code   RO         1599    .ARM.Collect$$libinit$$00000019  c_w.l(libinit2.o)
    0x080001f8   0x00000000   Code   RO         1601    .ARM.Collect$$libinit$$0000001B  c_w.l(libinit2.o)
    0x080001f8   0x00000000   Code   RO         1603    .ARM.Collect$$libinit$$0000001D  c_w.l(libinit2.o)
    0x080001f8   0x00000000   Code   RO         1605    .ARM.Collect$$libinit$$0000001F  c_w.l(libinit2.o)
    0x080001f8   0x00000000   Code   RO         1607    .ARM.Collect$$libinit$$00000021  c_w.l(libinit2.o)
    0x080001f8   0x00000000   Code   RO         1609    .ARM.Collect$$libinit$$00000023  c_w.l(libinit2.o)
    0x080001f8   0x00000000   Code   RO         1613    .ARM.Collect$$libinit$$0000002A  c_w.l(libinit2.o)
    0x080001f8   0x00000000   Code   RO         1615    .ARM.Collect$$libinit$$0000002C  c_w.l(libinit2.o)
    0x080001f8   0x00000000   Code   RO         1617    .ARM.Collect$$libinit$$0000002E  c_w.l(libinit2.o)
    0x080001f8   0x00000000   Code   RO         1619    .ARM.Collect$$libinit$$00000030  c_w.l(libinit2.o)
    0x080001f8   0x00000002   Code   RO         1620    .ARM.Collect$$libinit$$00000031  c_w.l(libinit2.o)
    0x080001fa   0x00000002   Code   RO         1640    .ARM.Collect$$libshutdown$$00000000  c_w.l(libshutdown.o)
    0x080001fc   0x00000000   Code   RO         1654    .ARM.Collect$$libshutdown$$00000003  c_w.l(libshutdown2.o)
    0x080001fc   0x00000000   Code   RO         1657    .ARM.Collect$$libshutdown$$00000006  c_w.l(libshutdown2.o)
    0x080001fc   0x00000000   Code   RO         1660    .ARM.Collect$$libshutdown$$00000009  c_w.l(libshutdown2.o)
    0x080001fc   0x00000000   Code   RO         1662    .ARM.Collect$$libshutdown$$0000000B  c_w.l(libshutdown2.o)
    0x080001fc   0x00000000   Code   RO         1665    .ARM.Collect$$libshutdown$$0000000E  c_w.l(libshutdown2.o)
    0x080001fc   0x00000002   Code   RO         1666    .ARM.Collect$$libshutdown$$0000000F  c_w.l(libshutdown2.o)
    0x080001fe   0x00000000   Code   RO         1526    .ARM.Collect$$rtentry$$00000000  c_w.l(rtentry.o)
    0x080001fe   0x00000000   Code   RO         1538    .ARM.Collect$$rtentry$$00000002  c_w.l(rtentry2.o)
    0x080001fe   0x00000006   Code   RO         1550    .ARM.Collect$$rtentry$$00000004  c_w.l(rtentry4.o)
    0x08000204   0x00000000   Code   RO         1540    .ARM.Collect$$rtentry$$00000009  c_w.l(rtentry2.o)
    0x08000204   0x00000004   Code   RO         1541    .ARM.Collect$$rtentry$$0000000A  c_w.l(rtentry2.o)
    0x08000208   0x00000000   Code   RO         1543    .ARM.Collect$$rtentry$$0000000C  c_w.l(rtentry2.o)
    0x08000208   0x00000008   Code   RO         1544    .ARM.Collect$$rtentry$$0000000D  c_w.l(rtentry2.o)
    0x08000210   0x00000002   Code   RO         1576    .ARM.Collect$$rtexit$$00000000  c_w.l(rtexit.o)
    0x08000212   0x00000000   Code   RO         1622    .ARM.Collect$$rtexit$$00000002  c_w.l(rtexit2.o)
    0x08000212   0x00000004   Code   RO         1623    .ARM.Collect$$rtexit$$00000003  c_w.l(rtexit2.o)
    0x08000216   0x00000006   Code   RO         1624    .ARM.Collect$$rtexit$$00000004  c_w.l(rtexit2.o)
    0x0800021c   0x00000010   Code   RO         1121    .emb_text           cpuport.o
    0x0800022c   0x00000040   Code   RO            3    .text               application.o
    0x0800026c   0x000000b0   Code   RO          179    .text               startup.o
    0x0800031c   0x00000090   Code   RO          203    .text               board.o
    0x080003ac   0x00000016   Code   RO          230    .text               stm32f10x_it.o
    0x080003c2   0x00000002   PAD
    0x080003c4   0x00000148   Code   RO          256    .text               led.o
    0x0800050c   0x00000604   Code   RO          300    .text               usart.o
    0x08000b10   0x00000488   Code   RO          356    .text               nrf24l01.o
    0x08000f98   0x000001dc   Code   RO          380    .text               system_stm32f10x.o
    0x08001174   0x00000848   Code   RO          426    .text               stm32f10x_rcc.o
    0x080019bc   0x0000098c   Code   RO          668    .text               stm32f10x_spi.o
    0x08002348   0x00000a6c   Code   RO          728    .text               stm32f10x_gpio.o
    0x08002db4   0x00000dbc   Code   RO          748    .text               stm32f10x_usart.o
    0x08003b70   0x0000090c   Code   RO          788    .text               stm32f10x_dma.o
    0x0800447c   0x000001e8   Code   RO          848    .text               misc.o
    0x08004664   0x00000040   Code   RO          869    .text               startup_stm32f10x_hd.o
    0x080046a4   0x0000006c   Code   RO          873    .text               clock.o
    0x08004710   0x00000044   Code   RO          887    .text               components.o
    0x08004754   0x00000334   Code   RO          905    .text               device.o
    0x08004a88   0x00000138   Code   RO          919    .text               idle.o
    0x08004bc0   0x00001658   Code   RO          939    .text               ipc.o
    0x08006218   0x0000007c   Code   RO          956    .text               irq.o
    0x08006294   0x00000a44   Code   RO          971    .text               kservice.o
    0x08006cd8   0x00000880   Code   RO          991    .text               mem.o
    0x08007558   0x000002dc   Code   RO         1028    .text               object.o
    0x08007834   0x000002fc   Code   RO         1047    .text               scheduler.o
    0x08007b30   0x00000664   Code   RO         1083    .text               thread.o
    0x08008194   0x0000045c   Code   RO         1102    .text               timer.o
    0x080085f0   0x000005d4   Code   RO         1122    .text               cpuport.o
    0x08008bc4   0x000000ec   Code   RO         1141    .text               context_rvds.o
    0x08008cb0   0x00000c34   Code   RO         1145    .text               serial.o
    0x080098e4   0x000001c8   Code   RO         1161    .text               completion.o
    0x08009aac   0x00000424   Code   RO         1177    .text               dataqueue.o
    0x08009ed0   0x00000980   Code   RO         1245    .text               shell.o
    0x0800a850   0x00000d88   Code   RO         1280    .text               cmd.o
    0x0800b5d8   0x00001818   Code   RO         1304    .text               finsh_compiler.o
    0x0800cdf0   0x0000002c   Code   RO         1341    .text               finsh_error.o
    0x0800ce1c   0x00000210   Code   RO         1357    .text               finsh_heap.o
    0x0800d02c   0x00000058   Code   RO         1373    .text               finsh_init.o
    0x0800d084   0x00000184   Code   RO         1391    .text               finsh_node.o
    0x0800d208   0x00000ad8   Code   RO         1406    .text               finsh_ops.o
    0x0800dce0   0x0000097c   Code   RO         1424    .text               finsh_parser.o
    0x0800e65c   0x00000198   Code   RO         1439    .text               finsh_var.o
    0x0800e7f4   0x000000e4   Code   RO         1462    .text               finsh_vm.o
    0x0800e8d8   0x00000680   Code   RO         1485    .text               finsh_token.o
    0x0800ef58   0x0000001a   Code   RO         1502    .text               c_w.l(atoi.o)
    0x0800ef72   0x00000058   Code   RO         1504    .text               c_w.l(memcmp.o)
    0x0800efca   0x0000003e   Code   RO         1506    .text               c_w.l(strlen.o)
    0x0800f008   0x00000096   Code   RO         1508    .text               c_w.l(strncmp.o)
    0x0800f09e   0x0000008a   Code   RO         1510    .text               c_w.l(rt_memcpy_v6.o)
    0x0800f128   0x00000064   Code   RO         1512    .text               c_w.l(rt_memcpy_w.o)
    0x0800f18c   0x00000044   Code   RO         1514    .text               c_w.l(rt_memclr.o)
    0x0800f1d0   0x0000004e   Code   RO         1516    .text               c_w.l(rt_memclr_w.o)
    0x0800f21e   0x00000056   Code   RO         1518    .text               c_w.l(strncpy.o)
    0x0800f274   0x00000080   Code   RO         1520    .text               c_w.l(strcmpv7m.o)
    0x0800f2f4   0x00000006   Code   RO         1522    .text               c_w.l(heapauxi.o)
    0x0800f2fa   0x00000002   PAD
    0x0800f2fc   0x00000008   Code   RO         1530    .text               c_w.l(rt_errno_addr_intlibspace.o)
    0x0800f304   0x00000070   Code   RO         1532    .text               c_w.l(strtol.o)
    0x0800f374   0x00000008   Code   RO         1534    .text               c_w.l(libspace.o)
    0x0800f37c   0x00000010   Code   RO         1552    .text               c_w.l(rt_ctype_table.o)
    0x0800f38c   0x0000009e   Code   RO         1554    .text               c_w.l(_strtoul.o)
    0x0800f42a   0x0000004a   Code   RO         1556    .text               c_w.l(sys_stackheap_outer.o)
    0x0800f474   0x00000008   Code   RO         1561    .text               c_w.l(rt_locale_intlibspace.o)
    0x0800f47c   0x0000001c   Code   RO         1563    .text               c_w.l(_chval.o)
    0x0800f498   0x0000000c   Code   RO         1568    .text               c_w.l(exit.o)
    0x0800f4a4   0x0000000c   Code   RO         1632    .text               c_w.l(sys_exit.o)
    0x0800f4b0   0x00000002   Code   RO         1643    .text               c_w.l(use_no_semi.o)
    0x0800f4b2   0x00000000   Code   RO         1645    .text               c_w.l(indicate_semi.o)
    0x0800f4b2   0x00000002   PAD
    0x0800f4b4   0x0000002c   Code   RO         1566    locale$$code        c_w.l(lc_ctype_c.o)
    0x0800f4e0   0x0000005c   Data   RO          302    .constdata          usart.o
    0x0800f53c   0x0000000a   Data   RO          358    .constdata          nrf24l01.o
    0x0800f546   0x000000a8   Data   RO          906    .constdata          device.o
    0x0800f5ee   0x00000016   Data   RO          921    .constdata          idle.o
    0x0800f604   0x000001d7   Data   RO          940    .constdata          ipc.o
    0x0800f7db   0x00000022   Data   RO          973    .constdata          kservice.o
    0x0800f7fd   0x00000003   PAD
    0x0800f800   0x00000138   Data   RO          993    .constdata          mem.o
    0x0800f938   0x0000005e   Data   RO         1029    .constdata          object.o
    0x0800f996   0x0000004e   Data   RO         1049    .constdata          scheduler.o
    0x0800f9e4   0x000000aa   Data   RO         1084    .constdata          thread.o
    0x0800fa8e   0x0000005c   Data   RO         1103    .constdata          timer.o
    0x0800faea   0x00000013   Data   RO         1123    .constdata          cpuport.o
    0x0800fafd   0x0000012a   Data   RO         1146    .constdata          serial.o
    0x0800fc27   0x00000039   Data   RO         1162    .constdata          completion.o
    0x0800fc60   0x0000004b   Data   RO         1178    .constdata          dataqueue.o
    0x0800fcab   0x0000005b   Data   RO         1247    .constdata          shell.o
    0x0800fd06   0x00000002   PAD
    0x0800fd08   0x00000094   Data   RO         1281    .constdata          cmd.o
    0x0800fd9c   0x000000c4   Data   RO         1407    .constdata          finsh_ops.o
    0x0800fe60   0x00000040   Data   RO         1486    .constdata          finsh_token.o
    0x0800fea0   0x000000f6   Data   RO         1282    .conststring        cmd.o
    0x0800ff96   0x000000d8   Data   RO         1342    .conststring        finsh_error.o
    0x0801006e   0x0000002c   Data   RO         1487    .conststring        finsh_token.o
    0x0801009a   0x00000024   Data   RO          259    .rodata.name        led.o
    0x080100be   0x00000027   Data   RO          995    .rodata.name        mem.o
    0x080100e5   0x000001b3   Data   RO         1284    .rodata.name        cmd.o
    0x08010298   0x00000004   Data   RO          888    .rti_fn.0           components.o
    0x0801029c   0x00000004   Data   RO          889    .rti_fn.0.end       components.o
    0x080102a0   0x00000004   Data   RO          890    .rti_fn.1.end       components.o
    0x080102a4   0x00000004   Data   RO         1249    .rti_fn.6           shell.o
    0x080102a8   0x00000004   Data   RO          891    .rti_fn.6.end       components.o
    0x080102ac   0x0000000c   Data   RO          260    FSymTab             led.o
    0x080102b8   0x0000000c   Data   RO          996    FSymTab             mem.o
    0x080102c4   0x00000090   Data   RO         1285    FSymTab             cmd.o
    0x08010354   0x00000020   Data   RO         1697    Region$$Table       anon$$obj.o
    0x08010374   0x00000010   Data   RO         1286    VSymTab             cmd.o
    0x08010384   0x00000110   Data   RO         1565    locale$$data        c_w.l(lc_ctype_c.o)


    Execution Region RW_IRAM1 (Base: 0x20000000, Size: 0x00001e20, Max: 0x00010000, ABSOLUTE, COMPRESSED[0x000000c0])

    Base Addr    Size         Type   Attr      Idx    E Section Name        Object

    0x20000000   0x00000001   Data   RW          258    .data               led.o
    0x20000001   0x00000003   PAD
    0x20000004   0x00000054   Data   RW          303    .data               usart.o
    0x20000058   0x00000014   Data   RW          381    .data               system_stm32f10x.o
    0x2000006c   0x00000014   Data   RW          427    .data               stm32f10x_rcc.o
    0x20000080   0x00000004   Data   RW          874    .data               clock.o
    0x20000084   0x00000004   Data   RW          922    .data               idle.o
    0x20000088   0x00000009   Data   RW          957    .data               irq.o
    0x20000091   0x00000003   PAD
    0x20000094   0x0000000c   Data   RW          974    .data               kservice.o
    0x200000a0   0x00000020   Data   RW          994    .data               mem.o
    0x200000c0   0x000000a4   Data   RW         1030    .data               object.o
    0x20000164   0x0000001c   Data   RW         1050    .data               scheduler.o
    0x20000180   0x0000000c   Data   RW         1085    .data               thread.o
    0x2000018c   0x00000010   Data   RW         1104    .data               timer.o
    0x2000019c   0x00000010   Data   RW         1124    .data               cpuport.o
    0x200001ac   0x00000004   Data   RW         1248    .data               shell.o
    0x200001b0   0x00000010   Data   RW         1267    .data               symbol.o
    0x200001c0   0x00000004   Data   RW         1283    .data               cmd.o
    0x200001c4   0x00000008   Data   RW         1305    .data               finsh_compiler.o
    0x200001cc   0x0000003d   Data   RW         1343    .data               finsh_error.o
    0x20000209   0x00000003   PAD
    0x2000020c   0x00000008   Data   RW         1359    .data               finsh_heap.o
    0x20000214   0x00000004   Data   RW         1441    .data               finsh_var.o
    0x20000218   0x0000000c   Data   RW         1464    .data               finsh_vm.o
    0x20000224   0x00000280   Zero   RW          257    .bss                led.o
    0x200004a4   0x000000fc   Zero   RW          301    .bss                usart.o
    0x200005a0   0x00000280   Zero   RW          357    .bss                nrf24l01.o
    0x20000820   0x00000180   Zero   RW          920    .bss                idle.o
    0x200009a0   0x00000080   Zero   RW          972    .bss                kservice.o
    0x20000a20   0x00000020   Zero   RW          992    .bss                mem.o
    0x20000a40   0x00000100   Zero   RW         1048    .bss                scheduler.o
    0x20000b40   0x00000880   Zero   RW         1246    .bss                shell.o
    0x200013c0   0x00000080   Zero   RW         1358    .bss                finsh_heap.o
    0x20001440   0x00000140   Zero   RW         1392    .bss                finsh_node.o
    0x20001580   0x000000c0   Zero   RW         1440    .bss                finsh_var.o
    0x20001640   0x00000180   Zero   RW         1463    .bss                finsh_vm.o
    0x200017c0   0x00000060   Zero   RW         1535    .bss                c_w.l(libspace.o)
    0x20001820   0x00000200   Zero   RW          867    HEAP                startup_stm32f10x_hd.o
    0x20001a20   0x00000400   Zero   RW          866    STACK               startup_stm32f10x_hd.o


==============================================================================

Image component sizes


      Code (inc. data)   RO Data    RW Data    ZI Data      Debug   Object Name

        64          8          0          0          0     260219   application.o
       144         20          0          0          0      22925   board.o
       108          6          0          4          0       1328   clock.o
      3464       1300        989          4          0      12395   cmd.o
       456        124         57          0          0       3955   completion.o
        68         12         16          0          0       1720   components.o
       236         24          0          0          0        716   context_rvds.o
      1508        718         19         16          0       4087   cpuport.o
      1060        114         75          0          0       4525   dataqueue.o
       820        134        168          0          0       4561   device.o
      6168        154          0          8          0      10650   finsh_compiler.o
        44         10        216         61          0       1549   finsh_error.o
       528         18          0          8        128       3291   finsh_heap.o
        88          6          0          0          0       1512   finsh_init.o
       388          4          0          0        320       3188   finsh_node.o
      2776         36        196          0          0       8608   finsh_ops.o
      2428         32          0          0          0       9393   finsh_parser.o
      1664         16        108          0          0       5948   finsh_token.o
       408         16          0          4        192       7125   finsh_var.o
       228         34          0         12        384       6260   finsh_vm.o
       312         74         22          4        384       4165   idle.o
      5720        418        471          0          0      20179   ipc.o
       124         14          0          9          0       1740   irq.o
      2628        226         34         12        128      11451   kservice.o
       328         30         48          1        640       6316   led.o
      2176        558        363         32         32       5207   mem.o
       488         74          0          0          0       1997   misc.o
      1160        110         10          0        640       4501   nrf24l01.o
       732        150         94        164          0       6656   object.o
       764        150         78         28        256       5793   scheduler.o
      3124        394        298          0          0       9133   serial.o
      2432        262         95          4       2176       5915   shell.o
       176         88          0          0          0       1171   startup.o
        64         26        304          0       1536        852   startup_stm32f10x_hd.o
      2316        160          0          0          0       5470   stm32f10x_dma.o
      2668        204          0          0          0       7049   stm32f10x_gpio.o
        22          0          0          0          0       1118   stm32f10x_it.o
      2120        122          0         20          0       9972   stm32f10x_rcc.o
      2444        102          0          0          0       7782   stm32f10x_spi.o
      3516        148          0          0          0      10136   stm32f10x_usart.o
         0          0          0         16          0       4193   symbol.o
       476         36          0         20          0       1931   system_stm32f10x.o
      1636        276        170         12          0       9277   thread.o
      1116        100         92         16          0       7647   timer.o
      1540        156         92         84        252      31299   usart.o

    ----------------------------------------------------------------------
     60732       6664       4052        548       7068     554905   Object Totals
         0          0         32          0          0          0   (incl. Generated)
         2          0          5          9          0          0   (incl. Padding)

    ----------------------------------------------------------------------

      Code (inc. data)   RO Data    RW Data    ZI Data      Debug   Library Member Name

        90          0          0          0          0          0   __dczerorl2.o
         8          0          0          0          0         68   __main.o
        52          8          0          0          0          0   __scatter.o
        28          0          0          0          0          0   __scatter_zi.o
        28          0          0          0          0         68   _chval.o
       158          0          0          0          0         92   _strtoul.o
        26          0          0          0          0         80   atoi.o
        12          0          0          0          0         72   exit.o
         6          0          0          0          0        152   heapauxi.o
         0          0          0          0          0          0   indicate_semi.o
        44         10        272          0          0         76   lc_ctype_c.o
         2          0          0          0          0          0   libinit.o
        20          0          0          0          0          0   libinit2.o
         2          0          0          0          0          0   libshutdown.o
         2          0          0          0          0          0   libshutdown2.o
         8          4          0          0         96         68   libspace.o
        88          0          0          0          0         76   memcmp.o
        16          4          0          0          0         76   rt_ctype_table.o
         8          4          0          0          0         68   rt_errno_addr_intlibspace.o
         8          4          0          0          0         68   rt_locale_intlibspace.o
        68          0          0          0          0         68   rt_memclr.o
        78          0          0          0          0         80   rt_memclr_w.o
       138          0          0          0          0         68   rt_memcpy_v6.o
       100          0          0          0          0         80   rt_memcpy_w.o
         0          0          0          0          0          0   rtentry.o
        12          0          0          0          0          0   rtentry2.o
         6          0          0          0          0          0   rtentry4.o
         2          0          0          0          0          0   rtexit.o
        10          0          0          0          0          0   rtexit2.o
       128          0          0          0          0         68   strcmpv7m.o
        62          0          0          0          0         76   strlen.o
       150          0          0          0          0         80   strncmp.o
        86          0          0          0          0         76   strncpy.o
       112          0          0          0          0         88   strtol.o
        12          4          0          0          0         68   sys_exit.o
        74          0          0          0          0         80   sys_stackheap_outer.o
         2          0          0          0          0         68   use_no_semi.o

    ----------------------------------------------------------------------
      1652         38        272          0         96       1864   Library Totals
         6          0          0          0          0          0   (incl. Padding)

    ----------------------------------------------------------------------

      Code (inc. data)   RO Data    RW Data    ZI Data      Debug   Library Name

      1646         38        272          0         96       1864   c_w.l

    ----------------------------------------------------------------------
      1652         38        272          0         96       1864   Library Totals

    ----------------------------------------------------------------------

==============================================================================


      Code (inc. data)   RO Data    RW Data    ZI Data      Debug   

     62384       6702       4324        548       7164     551829   Grand Totals
     62384       6702       4324        192       7164     551829   ELF Image Totals (compressed)
     62384       6702       4324        192          0          0   ROM Totals

==============================================================================

    Total RO  Size (Code + RO Data)                66708 (  65.14kB)
    Total RW  Size (RW Data + ZI Data)              7712 (   7.53kB)
    Total ROM Size (Code + RO Data + RW Data)      66900 (  65.33kB)

==============================================================================

