ARM Linker, 5.03 [Build 24] [MDK-ARM Professional]

==============================================================================

Section Cross References

    application.o(.text) refers to components.o(.text) for rt_components_init
    application.o(.text) refers to led.o(.text) for rt_led_init
    application.o(.text) refers to nrf24l01.o(.text) for rt_nrf24l01_init
    application.o(.text) refers to relay.o(.text) for relay_init
    application.o(.text) refers to key.o(.text) for key_init
    application.o(.text) refers to stm32f10x_gpio.o(.text) for GPIO_ResetBits
    application.o(.text) refers to thread.o(.text) for rt_thread_create
    startup.o(.text) refers to kservice.o(.text) for rt_kprintf
    startup.o(.text) refers to board.o(.text) for rt_hw_board_init
    startup.o(.text) refers to mem.o(.text) for rt_system_heap_init
    startup.o(.text) refers to scheduler.o(.text) for rt_system_scheduler_init
    startup.o(.text) refers to timer.o(.text) for rt_system_timer_init
    startup.o(.text) refers to application.o(.text) for rt_application_init
    startup.o(.text) refers to idle.o(.text) for rt_thread_idle_init
    startup.o(.text) refers to context_rvds.o(.text) for rt_hw_interrupt_disable
    board.o(.text) refers to misc.o(.text) for NVIC_SetVectorTable
    board.o(.text) refers to irq.o(.text) for rt_interrupt_enter
    board.o(.text) refers to clock.o(.text) for rt_tick_increase
    board.o(.text) refers to usart.o(.text) for rt_hw_usart_init
    board.o(.text) refers to kservice.o(.text) for rt_console_set_device
    board.o(.text) refers to components.o(.text) for rt_components_board_init
    board.o(.text) refers to system_stm32f10x.o(.data) for SystemCoreClock
    led.o(.text) refers to stm32f10x_rcc.o(.text) for RCC_APB2PeriphClockCmd
    led.o(.text) refers to stm32f10x_gpio.o(.text) for GPIO_Init
    led.o(.text) refers to thread.o(.text) for rt_thread_delay
    led.o(.text) refers to led.o(.bss) for led_stack
    usart.o(.text) refers to kservice.o(.text) for rt_assert_handler
    usart.o(.text) refers to stm32f10x_usart.o(.text) for USART_Init
    usart.o(.text) refers to stm32f10x_rcc.o(.text) for RCC_AHBPeriphClockCmd
    usart.o(.text) refers to stm32f10x_dma.o(.text) for DMA_DeInit
    usart.o(.text) refers to misc.o(.text) for NVIC_Init
    usart.o(.text) refers to context_rvds.o(.text) for rt_hw_interrupt_disable
    usart.o(.text) refers to serial.o(.text) for rt_hw_serial_isr
    usart.o(.text) refers to irq.o(.text) for rt_interrupt_enter
    usart.o(.text) refers to usart.o(.constdata) for __FUNCTION__
    usart.o(.text) refers to usart.o(.bss) for serial1
    usart.o(.text) refers to stm32f10x_gpio.o(.text) for GPIO_Init
    usart.o(.text) refers to usart.o(.data) for uart1
    usart.o(.constdata) refers to usart.o(.text) for stm32_configure
    nrf24l01.o(.text) refers to stm32f10x_rcc.o(.text) for RCC_APB2PeriphClockCmd
    nrf24l01.o(.text) refers to stm32f10x_gpio.o(.text) for GPIO_Init
    nrf24l01.o(.text) refers to stm32f10x_spi.o(.text) for SPI_Init
    nrf24l01.o(.text) refers to startup.o(.text) for assert_failed
    nrf24l01.o(.text) refers to kservice.o(.text) for rt_kprintf
    nrf24l01.o(.text) refers to relay.o(.text) for relay_on
    nrf24l01.o(.text) refers to nrf24l01.o(.constdata) for RX_ADDRESS
    nrf24l01.o(.text) refers to nrf24l01.o(.bss) for rx_tmp_buf
    nrf24l01.o(.text) refers to thread.o(.text) for rt_thread_delay
    key.o(.text) refers to stm32f10x_gpio.o(.text) for GPIO_ReadInputDataBit
    key.o(.text) refers to timer.o(.text) for rt_timer_create
    key.o(.text) refers to rt_memcpy_w.o(.text) for __aeabi_memcpy4
    key.o(.text) refers to stm32f10x_rcc.o(.text) for RCC_APB2PeriphClockCmd
    key.o(.text) refers to kservice.o(.text) for rt_kprintf
    key.o(.text) refers to led.o(.text) for rt_hw_led_off
    key.o(.text) refers to relay.o(.text) for relay_on
    key.o(.text) refers to key.o(.data) for key_count_time
    key.o(.text) refers to nrf24l01.o(.bss) for rx_tmp_buf
    key.o(.text) refers to key.o(.bss) for single_key
    relay.o(.text) refers to stm32f10x_rcc.o(.text) for RCC_APB2PeriphClockCmd
    relay.o(.text) refers to stm32f10x_gpio.o(.text) for GPIO_Init
    system_stm32f10x.o(.text) refers to system_stm32f10x.o(.data) for SystemCoreClock
    stm32f10x_rcc.o(.text) refers to startup.o(.text) for assert_failed
    stm32f10x_rcc.o(.text) refers to stm32f10x_rcc.o(.data) for APBAHBPrescTable
    stm32f10x_wwdg.o(.text) refers to stm32f10x_rcc.o(.text) for RCC_APB1PeriphResetCmd
    stm32f10x_wwdg.o(.text) refers to startup.o(.text) for assert_failed
    stm32f10x_pwr.o(.text) refers to stm32f10x_rcc.o(.text) for RCC_APB1PeriphResetCmd
    stm32f10x_pwr.o(.text) refers to startup.o(.text) for assert_failed
    stm32f10x_exti.o(.text) refers to startup.o(.text) for assert_failed
    stm32f10x_bkp.o(.text) refers to stm32f10x_rcc.o(.text) for RCC_BackupResetCmd
[...]
    rt_list_init                             0x08008c63   Thumb Code   106  timer.o(.text)
    rt_list_isempty                          0x08008ccd   Thumb Code    16  timer.o(.text)
    .text                                    0x08008cdc   Section        0  cpuport.o(.text)
    .text                                    0x08008f58   Section      236  context_rvds.o(.text)
    .text                                    0x08009044   Section        0  serial.o(.text)
    _serial_int_rx                           0x08009045   Thumb Code   140  serial.o(.text)
    _serial_fifo_calc_recved_len             0x080090d1   Thumb Code    76  serial.o(.text)
    rt_dma_calc_recved_len                   0x0800911d   Thumb Code    12  serial.o(.text)
    rt_dma_recv_update_get_index             0x08009129   Thumb Code    92  serial.o(.text)
    rt_dma_recv_update_put_index             0x08009185   Thumb Code   154  serial.o(.text)
    _serial_dma_rx                           0x0800921f   Thumb Code   276  serial.o(.text)
    rt_serial_init                           0x08009333   Thumb Code    52  serial.o(.text)
    rt_serial_open                           0x08009367   Thumb Code   736  serial.o(.text)
    rt_serial_close                          0x08009647   Thumb Code   292  serial.o(.text)
    rt_serial_read                           0x0800976b   Thumb Code    90  serial.o(.text)
    rt_serial_write                          0x080097c5   Thumb Code    90  serial.o(.text)
    rt_serial_control                        0x0800981f   Thumb Code   146  serial.o(.text)
    _serial_poll_rx                          0x08009ae9   Thumb Code    70  serial.o(.text)
    _serial_poll_tx                          0x08009b2f   Thumb Code    76  serial.o(.text)
    _serial_int_tx                           0x08009b7b   Thumb Code    88  serial.o(.text)
    _serial_dma_tx                           0x08009bd3   Thumb Code    92  serial.o(.text)
    .text                                    0x08009c78   Section        0  completion.o(.text)
    rt_list_isempty                          0x08009db5   Thumb Code    16  completion.o(.text)
    .text                                    0x08009e40   Section        0  dataqueue.o(.text)
    rt_list_insert_before                    0x08009e41   Thumb Code    14  dataqueue.o(.text)
    rt_list_init                             0x0800a1dd   Thumb Code     6  dataqueue.o(.text)
    rt_list_isempty                          0x0800a1e3   Thumb Code    16  dataqueue.o(.text)
    .text                                    0x0800a264   Section      100  rt_memcpy_w.o(.text)
    .text                                    0x0800a2c8   Section        0  heapauxi.o(.text)
    .text                                    0x0800a2ce   Section       74  sys_stackheap_outer.o(.text)
    .text                                    0x0800a318   Section        0  exit.o(.text)
    .text                                    0x0800a324   Section        8  libspace.o(.text)
    .text                                    0x0800a32c   Section        0  sys_exit.o(.text)
    .text                                    0x0800a338   Section        2  use_no_semi.o(.text)
    .text                                    0x0800a33a   Section        0  indicate_semi.o(.text)
    .constdata                               0x0800a33c   Section       92  usart.o(.constdata)
    stm32_uart_ops                           0x0800a33c   Data          20  usart.o(.constdata)
    __FUNCTION__                             0x0800a350   Data          16  usart.o(.constdata)
    __FUNCTION__                             0x0800a360   Data          14  usart.o(.constdata)
    __FUNCTION__                             0x0800a36e   Data          11  usart.o(.constdata)
    __FUNCTION__                             0x0800a379   Data          11  usart.o(.constdata)
    __FUNCTION__                             0x0800a384   Data           9  usart.o(.constdata)
    .constdata                               0x0800a398   Section       10  nrf24l01.o(.constdata)
    .constdata                               0x0800a3a2   Section      168  device.o(.constdata)
    __FUNCTION__                             0x0800a3a2   Data          21  device.o(.constdata)
    __FUNCTION__                             0x0800a3b7   Data          15  device.o(.constdata)
    __FUNCTION__                             0x0800a3c6   Data          15  device.o(.constdata)
    __FUNCTION__                             0x0800a3d5   Data          16  device.o(.constdata)
    __FUNCTION__                             0x0800a3e5   Data          15  device.o(.constdata)
    __FUNCTION__                             0x0800a3f4   Data          16  device.o(.constdata)
    __FUNCTION__                             0x0800a404   Data          18  device.o(.constdata)
    __FUNCTION__                             0x0800a416   Data          26  device.o(.constdata)
    __FUNCTION__                             0x0800a430   Data          26  device.o(.constdata)
    .constdata                               0x0800a44a   Section       22  idle.o(.constdata)
    __FUNCTION__                             0x0800a44a   Data          22  idle.o(.constdata)
    .constdata                               0x0800a460   Section      471  ipc.o(.constdata)
    __FUNCTION__                             0x0800a460   Data          12  ipc.o(.constdata)
    __FUNCTION__                             0x0800a46c   Data          14  ipc.o(.constdata)
    __FUNCTION__                             0x0800a47a   Data          14  ipc.o(.constdata)
    __FUNCTION__                             0x0800a488   Data          14  ipc.o(.constdata)
    __FUNCTION__                             0x0800a496   Data          12  ipc.o(.constdata)
    __FUNCTION__                             0x0800a4a2   Data          15  ipc.o(.constdata)
    __FUNCTION__                             0x0800a4b1   Data          14  ipc.o(.constdata)
    __FUNCTION__                             0x0800a4bf   Data          16  ipc.o(.constdata)
    __FUNCTION__                             0x0800a4cf   Data          16  ipc.o(.constdata)
    __FUNCTION__                             0x0800a4df   Data          16  ipc.o(.constdata)
    __FUNCTION__                             0x0800a4ef   Data          14  ipc.o(.constdata)
    __FUNCTION__                             0x0800a4fd   Data          17  ipc.o(.constdata)
    __FUNCTION__                             0x0800a50e   Data          14  ipc.o(.constdata)
    __FUNCTION__                             0x0800a51c   Data          16  ipc.o(.constdata)
    __FUNCTION__                             0x0800a52c   Data          16  ipc.o(.constdata)
    __FUNCTION__                             0x0800a53c   Data          16  ipc.o(.constdata)
    __FUNCTION__                             0x0800a54c   Data          14  ipc.o(.constdata)
    __FUNCTION__                             0x0800a55a   Data          14  ipc.o(.constdata)
    __FUNCTION__                             0x0800a568   Data          17  ipc.o(.constdata)
    __FUNCTION__                             0x0800a579   Data          11  ipc.o(.constdata)
    __FUNCTION__                             0x0800a584   Data          13  ipc.o(.constdata)
    __FUNCTION__                             0x0800a591   Data          13  ipc.o(.constdata)
    __FUNCTION__                             0x0800a59e   Data          13  ipc.o(.constdata)
    __FUNCTION__                             0x0800a5ab   Data          16  ipc.o(.constdata)
    __FUNCTION__                             0x0800a5bb   Data          11  ipc.o(.constdata)
    __FUNCTION__                             0x0800a5c6   Data          14  ipc.o(.constdata)
    __FUNCTION__                             0x0800a5d4   Data          11  ipc.o(.constdata)
    __FUNCTION__                             0x0800a5df   Data          13  ipc.o(.constdata)
    __FUNCTION__                             0x0800a5ec   Data          13  ipc.o(.constdata)
    __FUNCTION__                             0x0800a5f9   Data          13  ipc.o(.constdata)
    __FUNCTION__                             0x0800a606   Data          11  ipc.o(.constdata)
    __FUNCTION__                             0x0800a611   Data          13  ipc.o(.constdata)
    __FUNCTION__                             0x0800a61e   Data          11  ipc.o(.constdata)
    __FUNCTION__                             0x0800a629   Data          14  ipc.o(.constdata)
    .constdata                               0x0800a637   Section       34  kservice.o(.constdata)
    small_digits                             0x0800a637   Data          17  kservice.o(.constdata)
    large_digits                             0x0800a648   Data          17  kservice.o(.constdata)
    .constdata                               0x0800a65c   Section      312  mem.o(.constdata)
    __FUNCTION__                             0x0800a65c   Data          11  mem.o(.constdata)
    __FUNCTION__                             0x0800a667   Data          20  mem.o(.constdata)
    __FUNCTION__                             0x0800a67b   Data          10  mem.o(.constdata)
    __FUNCTION__                             0x0800a685   Data          11  mem.o(.constdata)
    __FUNCTION__                             0x0800a690   Data          10  mem.o(.constdata)
    __FUNCTION__                             0x0800a69a   Data           8  mem.o(.constdata)
    .constdata                               0x0800a794   Section       94  object.o(.constdata)
    __FUNCTION__                             0x0800a794   Data          17  object.o(.constdata)
    __FUNCTION__                             0x0800a7a5   Data          19  object.o(.constdata)
    __FUNCTION__                             0x0800a7b8   Data          17  object.o(.constdata)
    __FUNCTION__                             0x0800a7c9   Data          26  object.o(.constdata)
    __FUNCTION__                             0x0800a7e3   Data          15  object.o(.constdata)
    .constdata                               0x0800a7f2   Section       78  scheduler.o(.constdata)
    __FUNCTION__                             0x0800a7f2   Data          26  scheduler.o(.constdata)
    __FUNCTION__                             0x0800a80c   Data          26  scheduler.o(.constdata)
    __FUNCTION__                             0x0800a826   Data          26  scheduler.o(.constdata)
    .constdata                               0x0800a840   Section      170  thread.o(.constdata)
    __FUNCTION__                             0x0800a840   Data          16  thread.o(.constdata)
    __FUNCTION__                             0x0800a850   Data          15  thread.o(.constdata)
    __FUNCTION__                             0x0800a85f   Data          18  thread.o(.constdata)
    __FUNCTION__                             0x0800a871   Data          17  thread.o(.constdata)
    __FUNCTION__                             0x0800a882   Data          17  thread.o(.constdata)
    __FUNCTION__                             0x0800a893   Data          16  thread.o(.constdata)
    __FUNCTION__                             0x0800a8a3   Data          18  thread.o(.constdata)
    __FUNCTION__                             0x0800a8b5   Data          18  thread.o(.constdata)
    __FUNCTION__                             0x0800a8c7   Data          17  thread.o(.constdata)
    __FUNCTION__                             0x0800a8d8   Data          18  thread.o(.constdata)
    .constdata                               0x0800a8ea   Section       92  timer.o(.constdata)
    __FUNCTION__                             0x0800a8ea   Data          14  timer.o(.constdata)
    __FUNCTION__                             0x0800a8f8   Data          16  timer.o(.constdata)
    __FUNCTION__                             0x0800a908   Data          16  timer.o(.constdata)
    __FUNCTION__                             0x0800a918   Data          15  timer.o(.constdata)
    __FUNCTION__                             0x0800a927   Data          14  timer.o(.constdata)
    __FUNCTION__                             0x0800a935   Data          17  timer.o(.constdata)
    .constdata                               0x0800a946   Section       19  cpuport.o(.constdata)
    __FUNCTION__                             0x0800a946   Data          19  cpuport.o(.constdata)
    .constdata                               0x0800a959   Section      298  serial.o(.constdata)
    __FUNCTION__                             0x0800a959   Data          16  serial.o(.constdata)
    __FUNCTION__                             0x0800a969   Data          16  serial.o(.constdata)
    __FUNCTION__                             0x0800a979   Data          15  serial.o(.constdata)
    __FUNCTION__                             0x0800a988   Data          15  serial.o(.constdata)
    __FUNCTION__                             0x0800a997   Data          29  serial.o(.constdata)
    __FUNCTION__                             0x0800a9b4   Data          29  serial.o(.constdata)
    __FUNCTION__                             0x0800a9d1   Data          29  serial.o(.constdata)
    __FUNCTION__                             0x0800a9ee   Data          15  serial.o(.constdata)
    __FUNCTION__                             0x0800a9fd   Data          15  serial.o(.constdata)
    __FUNCTION__                             0x0800aa0c   Data          15  serial.o(.constdata)
    __FUNCTION__                             0x0800aa1b   Data          16  serial.o(.constdata)
    __FUNCTION__                             0x0800aa2b   Data          15  serial.o(.constdata)
    __FUNCTION__                             0x0800aa3a   Data          16  serial.o(.constdata)
    __FUNCTION__                             0x0800aa4a   Data          18  serial.o(.constdata)
    __FUNCTION__                             0x0800aa5c   Data          22  serial.o(.constdata)
    __FUNCTION__                             0x0800aa72   Data          17  serial.o(.constdata)
    .constdata                               0x0800aa83   Section       57  completion.o(.constdata)
    __FUNCTION__                             0x0800aa83   Data          19  completion.o(.constdata)
    __FUNCTION__                             0x0800aa96   Data          19  completion.o(.constdata)
    __FUNCTION__                             0x0800aaa9   Data          19  completion.o(.constdata)
    .constdata                               0x0800aabc   Section       75  dataqueue.o(.constdata)
    __FUNCTION__                             0x0800aabc   Data          19  dataqueue.o(.constdata)
    __FUNCTION__                             0x0800aacf   Data          19  dataqueue.o(.constdata)
    __FUNCTION__                             0x0800aae2   Data          18  dataqueue.o(.constdata)
    __FUNCTION__                             0x0800aaf4   Data          19  dataqueue.o(.constdata)
    .rti_fn.0                                0x0800ab08   Section        4  components.o(.rti_fn.0)
    .rti_fn.0.end                            0x0800ab0c   Section        4  components.o(.rti_fn.0.end)
    .rti_fn.1.end                            0x0800ab10   Section        4  components.o(.rti_fn.1.end)
    .rti_fn.6.end                            0x0800ab14   Section        4  components.o(.rti_fn.6.end)
    .data                                    0x20000000   Section       84  usart.o(.data)
    .data                                    0x20000054   Section       28  key.o(.data)
    key_totol_number                         0x20000054   Data           1  key.o(.data)
    key_check                                0x20000055   Data           1  key.o(.data)
    key_state                                0x20000056   Data           1  key.o(.data)
    key_long_check                           0x20000058   Data           2  key.o(.data)
    key_prev                                 0x2000005a   Data           2  key.o(.data)
    key_total                                0x2000005c   Data           1  key.o(.data)
    i                                        0x2000005d   Data           1  key.o(.data)
    i                                        0x2000005e   Data           1  key.o(.data)
    i                                        0x2000005f   Data           1  key.o(.data)
    key_timer                                0x2000006c   Data           4  key.o(.data)
    .data                                    0x20000070   Section       20  system_stm32f10x.o(.data)
    .data                                    0x20000084   Section       20  stm32f10x_rcc.o(.data)
    APBAHBPrescTable                         0x20000084   Data          16  stm32f10x_rcc.o(.data)
    ADCPrescTable                            0x20000094   Data           4  stm32f10x_rcc.o(.data)
    .data                                    0x20000098   Section        4  clock.o(.data)
    rt_tick                                  0x20000098   Data           4  clock.o(.data)
    .data                                    0x2000009c   Section        4  idle.o(.data)
    rt_thread_idle_hook                      0x2000009c   Data           4  idle.o(.data)
    .data                                    0x200000a0   Section        9  irq.o(.data)
    rt_interrupt_enter_hook                  0x200000a0   Data           4  irq.o(.data)
    rt_interrupt_leave_hook                  0x200000a4   Data           4  irq.o(.data)
    .data                                    0x200000ac   Section       12  kservice.o(.data)
    _console_device                          0x200000ac   Data           4  kservice.o(.data)
    _errno                                   0x200000b0   Data           4  kservice.o(.data)
    .data                                    0x200000b8   Section       32  mem.o(.data)
    rt_malloc_hook                           0x200000b8   Data           4  mem.o(.data)
    rt_free_hook                             0x200000bc   Data           4  mem.o(.data)
    heap_ptr                                 0x200000c0   Data           4  mem.o(.data)
    heap_end                                 0x200000c4   Data           4  mem.o(.data)
    lfree                                    0x200000c8   Data           4  mem.o(.data)
    mem_size_aligned                         0x200000cc   Data           4  mem.o(.data)
    used_mem                                 0x200000d0   Data           4  mem.o(.data)
    max_mem                                  0x200000d4   Data           4  mem.o(.data)
    .data                                    0x200000d8   Section      164  object.o(.data)
    rt_object_attach_hook                    0x20000168   Data           4  object.o(.data)
    rt_object_detach_hook                    0x2000016c   Data           4  object.o(.data)
    .data                                    0x2000017c   Section       28  scheduler.o(.data)
    rt_scheduler_lock_nest                   0x2000017c   Data           2  scheduler.o(.data)
    rt_scheduler_hook                        0x20000194   Data           4  scheduler.o(.data)
    .data                                    0x20000198   Section       12  thread.o(.data)
    rt_thread_suspend_hook                   0x20000198   Data           4  thread.o(.data)
    rt_thread_resume_hook                    0x2000019c   Data           4  thread.o(.data)
    rt_thread_inited_hook                    0x200001a0   Data           4  thread.o(.data)
    .data                                    0x200001a4   Section       16  timer.o(.data)
    random_nr                                0x200001a4   Data           4  timer.o(.data)
    rt_timer_list                            0x200001a8   Data           8  timer.o(.data)
    rt_timer_timeout_hook                    0x200001b0   Data           4  timer.o(.data)
    .data                                    0x200001b4   Section       16  cpuport.o(.data)
    rt_exception_hook                        0x200001b4   Data           4  cpuport.o(.data)
    .bss                                     0x200001c4   Section      640  led.o(.bss)
    led_stack                                0x200001c4   Data         512  led.o(.bss)
    led_thread                               0x200003c4   Data         128  led.o(.bss)
    .bss                                     0x20000444   Section      252  usart.o(.bss)
    .bss                                     0x20000540   Section      736  nrf24l01.o(.bss)
    tx_tmp_buf                               0x20000540   Data          32  nrf24l01.o(.bss)
    prev_rx_tmp_buf                          0x20000580   Data          32  nrf24l01.o(.bss)
    nrf24l01_stack                           0x200005a0   Data         512  nrf24l01.o(.bss)
    nrf24l01_thread                          0x200007a0   Data         128  nrf24l01.o(.bss)
    .bss                                     0x20000820   Section      120  key.o(.bss)
    .bss                                     0x20000898   Section      384  idle.o(.bss)
    idle                                     0x20000898   Data         128  idle.o(.bss)
    rt_thread_stack                          0x20000918   Data         256  idle.o(.bss)
    .bss                                     0x20000a18   Section      128  kservice.o(.bss)
    rt_log_buf                               0x20000a18   Data         128  kservice.o(.bss)
    .bss                                     0x20000a98   Section       32  mem.o(.bss)
    heap_sem                                 0x20000a98   Data          32  mem.o(.bss)
    .bss                                     0x20000ab8   Section      256  scheduler.o(.bss)
    .bss                                     0x20000bb8   Section       96  libspace.o(.bss)
    HEAP                                     0x20000c18   Section      512  startup_stm32f10x_hd.o(HEAP)
    Heap_Mem                                 0x20000c18   Data         512  startup_stm32f10x_hd.o(HEAP)
    STACK                                    0x20000e18   Section     1024  startup_stm32f10x_hd.o(STACK)
    Stack_Mem                                0x20000e18   Data        1024  startup_stm32f10x_hd.o(STACK)
    __initial_sp                             0x20001218   Data           0  startup_stm32f10x_hd.o(STACK)

    Global Symbols

    Symbol Name                              Value     Ov Type        Size  Object(Section)

    BuildAttributes$$THM_ISAv4$P$D$K$B$S$PE$A:L22UL41UL21$X:L11$S22US41US21$IEEE1$IW$USESV6$~STKCKD$USESV7$~SHL$OSPACE$ROPI$EBA8$UX$STANDARDLIB$REQ8$PRES8$EABIv2 0x00000000   Number         0  anon$$obj.o ABSOLUTE
    __ARM_use_no_argv                        0x00000000   Number         0  startup.o ABSOLUTE
    __ARM_exceptions_init                     - Undefined Weak Reference
    __alloca_initialize                       - Undefined Weak Reference
    __cpp_initialize__aeabi_                  - Undefined Weak Reference
    __cxa_finalize                            - Undefined Weak Reference
    __rt_locale                               - Undefined Weak Reference
    __sigvec_lookup                           - Undefined Weak Reference
    _atexit_init                              - Undefined Weak Reference
    _call_atexit_fns                          - Undefined Weak Reference
    _clock_init                               - Undefined Weak Reference
    _fp_trap_init                             - Undefined Weak Reference
    _fp_trap_shutdown                         - Undefined Weak Reference
    _get_lc_collate                           - Undefined Weak Reference
    _get_lc_ctype                             - Undefined Weak Reference
    _get_lc_monetary                          - Undefined Weak Reference
    _get_lc_numeric                           - Undefined Weak Reference
    _get_lc_time                              - Undefined Weak Reference
    _getenv_init                              - Undefined Weak Reference
    _handle_redirection                       - Undefined Weak Reference
    _init_alloc                               - Undefined Weak Reference
    _init_user_alloc                          - Undefined Weak Reference
    _initio                                   - Undefined Weak Reference
    _rand_init                                - Undefined Weak Reference
    _signal_finish                            - Undefined Weak Reference
    _signal_init                              - Undefined Weak Reference
    _terminate_alloc                          - Undefined Weak Reference
    _terminate_user_alloc                     - Undefined Weak Reference
    _terminateio                              - Undefined Weak Reference
    __Vectors_Size                           0x00000130   Number         0  startup_stm32f10x_hd.o ABSOLUTE
    __Vectors                                0x08000000   Data           4  startup_stm32f10x_hd.o(RESET)
    __Vectors_End                            0x08000130   Data           0  startup_stm32f10x_hd.o(RESET)
    __main                                   0x08000131   Thumb Code     8  __main.o(!!!main)
    __scatterload                            0x08000139   Thumb Code     0  __scatter.o(!!!scatter)
    __scatterload_rt2                        0x08000139   Thumb Code    44  __scatter.o(!!!scatter)
    __scatterload_rt2_thumb_only             0x08000139   Thumb Code     0  __scatter.o(!!!scatter)
    __scatterload_null                       0x08000147   Thumb Code     0  __scatter.o(!!!scatter)
    __decompress                             0x0800016d   Thumb Code    90  __dczerorl2.o(!!dczerorl2)
    __decompress1                            0x0800016d   Thumb Code     0  __dczerorl2.o(!!dczerorl2)
    __scatterload_zeroinit                   0x080001c9   Thumb Code    28  __scatter_zi.o(!!handler_zi)
    __rt_lib_init                            0x080001e5   Thumb Code     0  libinit.o(.ARM.Collect$$libinit$$00000000)
    __rt_lib_init_alloca_1                   0x080001e7   Thumb Code     0  libinit2.o(.ARM.Collect$$libinit$$0000002C)
    __rt_lib_init_argv_1                     0x080001e7   Thumb Code     0  libinit2.o(.ARM.Collect$$libinit$$0000002A)
    __rt_lib_init_atexit_1                   0x080001e7   Thumb Code     0  libinit2.o(.ARM.Collect$$libinit$$00000019)
    __rt_lib_init_clock_1                    0x080001e7   Thumb Code     0  libinit2.o(.ARM.Collect$$libinit$$0000001F)
    __rt_lib_init_cpp_1                      0x080001e7   Thumb Code     0  libinit2.o(.ARM.Collect$$libinit$$00000030)
    __rt_lib_init_exceptions_1               0x080001e7   Thumb Code     0  libinit2.o(.ARM.Collect$$libinit$$0000002E)
    __rt_lib_init_fp_1                       0x080001e7   Thumb Code     0  libinit2.o(.ARM.Collect$$libinit$$00000002)
    __rt_lib_init_fp_trap_1                  0x080001e7   Thumb Code     0  libinit2.o(.ARM.Collect$$libinit$$0000001D)
    __rt_lib_init_getenv_1                   0x080001e7   Thumb Code     0  libinit2.o(.ARM.Collect$$libinit$$00000021)
    __rt_lib_init_heap_1                     0x080001e7   Thumb Code     0  libinit2.o(.ARM.Collect$$libinit$$00000008)
    __rt_lib_init_lc_collate_1               0x080001e7   Thumb Code     0  libinit2.o(.ARM.Collect$$libinit$$0000000F)
    __rt_lib_init_lc_ctype_1                 0x080001e7   Thumb Code     0  libinit2.o(.ARM.Collect$$libinit$$00000011)
    __rt_lib_init_lc_monetary_1              0x080001e7   Thumb Code     0  libinit2.o(.ARM.Collect$$libinit$$00000013)
    __rt_lib_init_lc_numeric_1               0x080001e7   Thumb Code     0  libinit2.o(.ARM.Collect$$libinit$$00000015)
    __rt_lib_init_lc_time_1                  0x080001e7   Thumb Code     0  libinit2.o(.ARM.Collect$$libinit$$00000017)
    __rt_lib_init_rand_1                     0x080001e7   Thumb Code     0  libinit2.o(.ARM.Collect$$libinit$$0000000C)
    __rt_lib_init_return                     0x080001e7   Thumb Code     0  libinit2.o(.ARM.Collect$$libinit$$00000031)
    __rt_lib_init_signal_1                   0x080001e7   Thumb Code     0  libinit2.o(.ARM.Collect$$libinit$$0000001B)
    __rt_lib_init_stdio_1                    0x080001e7   Thumb Code     0  libinit2.o(.ARM.Collect$$libinit$$00000023)
    __rt_lib_init_user_alloc_1               0x080001e7   Thumb Code     0  libinit2.o(.ARM.Collect$$libinit$$0000000A)
    __rt_lib_shutdown                        0x080001e9   Thumb Code     0  libshutdown.o(.ARM.Collect$$libshutdown$$00000000)
    __rt_lib_shutdown_fp_trap_1              0x080001eb   Thumb Code     0  libshutdown2.o(.ARM.Collect$$libshutdown$$00000006)
    __rt_lib_shutdown_heap_1                 0x080001eb   Thumb Code     0  libshutdown2.o(.ARM.Collect$$libshutdown$$0000000E)
    __rt_lib_shutdown_return                 0x080001eb   Thumb Code     0  libshutdown2.o(.ARM.Collect$$libshutdown$$0000000F)
    __rt_lib_shutdown_signal_1               0x080001eb   Thumb Code     0  libshutdown2.o(.ARM.Collect$$libshutdown$$00000009)
    __rt_lib_shutdown_stdio_1                0x080001eb   Thumb Code     0  libshutdown2.o(.ARM.Collect$$libshutdown$$00000003)
    __rt_lib_shutdown_user_alloc_1           0x080001eb   Thumb Code     0  libshutdown2.o(.ARM.Collect$$libshutdown$$0000000B)
    __rt_entry                               0x080001ed   Thumb Code     0  rtentry.o(.ARM.Collect$$rtentry$$00000000)
    __rt_entry_presh_1                       0x080001ed   Thumb Code     0  rtentry2.o(.ARM.Collect$$rtentry$$00000002)
    __rt_entry_sh                            0x080001ed   Thumb Code     0  rtentry4.o(.ARM.Collect$$rtentry$$00000004)
    __rt_entry_li                            0x080001f3   Thumb Code     0  rtentry2.o(.ARM.Collect$$rtentry$$0000000A)
    __rt_entry_postsh_1                      0x080001f3   Thumb Code     0  rtentry2.o(.ARM.Collect$$rtentry$$00000009)
    __rt_entry_main                          0x080001f7   Thumb Code     0  rtentry2.o(.ARM.Collect$$rtentry$$0000000D)
    __rt_entry_postli_1                      0x080001f7   Thumb Code     0  rtentry2.o(.ARM.Collect$$rtentry$$0000000C)
    __rt_exit                                0x080001ff   Thumb Code     0  rtexit.o(.ARM.Collect$$rtexit$$00000000)
    __rt_exit_ls                             0x08000201   Thumb Code     0  rtexit2.o(.ARM.Collect$$rtexit$$00000003)
    __rt_exit_prels_1                        0x08000201   Thumb Code     0  rtexit2.o(.ARM.Collect$$rtexit$$00000002)
    __rt_exit_exit                           0x08000205   Thumb Code     0  rtexit2.o(.ARM.Collect$$rtexit$$00000004)
    __rt_ffs                                 0x0800020d   Thumb Code    16  cpuport.o(.emb_text)
    rt_init_thread_entry                     0x0800021d   Thumb Code    26  application.o(.text)
    rt_application_init                      0x08000237   Thumb Code    48  application.o(.text)
    assert_failed                            0x08000275   Thumb Code    30  startup.o(.text)
    rtthread_startup                         0x08000293   Thumb Code    44  startup.o(.text)
    main                                     0x080002bf   Thumb Code    14  startup.o(.text)
    NVIC_Configuration                       0x08000325   Thumb Code    14  board.o(.text)
    SysTick_Handler                          0x08000333   Thumb Code    16  board.o(.text)
    rt_hw_board_init                         0x08000343   Thumb Code    94  board.o(.text)
    NMI_Handler                              0x080003b5   Thumb Code     2  stm32f10x_it.o(.text)
    MemManage_Handler                        0x080003b7   Thumb Code     4  stm32f10x_it.o(.text)
    BusFault_Handler                         0x080003bb   Thumb Code     4  stm32f10x_it.o(.text)
    UsageFault_Handler                       0x080003bf   Thumb Code     4  stm32f10x_it.o(.text)
    SVC_Handler                              0x080003c3   Thumb Code     2  stm32f10x_it.o(.text)
    DebugMon_Handler                         0x080003c5   Thumb Code     2  stm32f10x_it.o(.text)
    USB_LP_CAN1_RX0_IRQHandler               0x080003c7   Thumb Code     2  stm32f10x_it.o(.text)
    USB_HP_CAN1_TX_IRQHandler                0x080003c9   Thumb Code     2  stm32f10x_it.o(.text)
    rt_hw_led_init                           0x080003cd   Thumb Code    50  led.o(.text)
    rt_hw_led_on                             0x080003ff   Thumb Code    24  led.o(.text)
    rt_hw_led_off                            0x08000417   Thumb Code    24  led.o(.text)
    rt_led_init                              0x08000453   Thumb Code    48  led.o(.text)
    USART1_IRQHandler                        0x08000821   Thumb Code    18  usart.o(.text)
    DMA1_Channel5_IRQHandler                 0x08000833   Thumb Code    18  usart.o(.text)
    USART2_IRQHandler                        0x08000845   Thumb Code    18  usart.o(.text)
    DMA1_Channel6_IRQHandler                 0x08000857   Thumb Code    18  usart.o(.text)
    USART3_IRQHandler                        0x08000869   Thumb Code   108  usart.o(.text)
    DMA1_Channel3_IRQHandler                 0x080008d5   Thumb Code    18  usart.o(.text)
    rt_hw_usart_init                         0x080009c3   Thumb Code   152  usart.o(.text)
    NRF24L01_Init                            0x08000a9d   Thumb Code   200  nrf24l01.o(.text)
    SPI2_ReadWriteByte                       0x08000b65   Thumb Code    78  nrf24l01.o(.text)
    NRF24L01_Read_Buf                        0x08000bb3   Thumb Code    56  nrf24l01.o(.text)
    NRF24L01_Write_Buf                       0x08000beb   Thumb Code    56  nrf24l01.o(.text)
    SPI2_SetSpeed                            0x08000c23   Thumb Code    76  nrf24l01.o(.text)
    NRF24L01_Check                           0x08000c6f   Thumb Code    72  nrf24l01.o(.text)
    NRF24L01_Write_Reg                       0x08000cb7   Thumb Code    38  nrf24l01.o(.text)
    NRF24L01_Read_Reg                        0x08000cdd   Thumb Code    36  nrf24l01.o(.text)
    NRF24L01_TxPacket                        0x08000d01   Thumb Code    98  nrf24l01.o(.text)
    NRF24L01_RxPacket                        0x08000d63   Thumb Code    52  nrf24l01.o(.text)
    NRF24L01_RX_Mode                         0x08000d97   Thumb Code    80  nrf24l01.o(.text)
    NRF24L01_TX_Mode                         0x08000de7   Thumb Code    90  nrf24l01.o(.text)
    rt_nrf24l01_init                         0x08000fc9   Thumb Code    48  nrf24l01.o(.text)
    get_key                                  0x08001041   Thumb Code    76  key.o(.text)
    read_key_value                           0x0800108d   Thumb Code   214  key.o(.text)
    key_handle                               0x08001163   Thumb Code   156  key.o(.text)
    timer_control_init                       0x0800120b   Thumb Code    38  key.o(.text)
    key_init_one                             0x08001231   Thumb Code    76  key.o(.text)
    key_para_init                            0x0800127d   Thumb Code   114  key.o(.text)
    key1_short_press                         0x080012ef   Thumb Code    10  key.o(.text)
    key1_long_press                          0x080012f9   Thumb Code    10  key.o(.text)
    key2_short_press                         0x08001303   Thumb Code    16  key.o(.text)
    key2_long_press                          0x08001313   Thumb Code    16  key.o(.text)
    key3_short_press                         0x08001323   Thumb Code    62  key.o(.text)
    key3_long_press                          0x08001361   Thumb Code    10  key.o(.text)
    key4_short_press                         0x0800136b   Thumb Code    62  key.o(.text)
    key4_long_press                          0x080013a9   Thumb Code    10  key.o(.text)
    key5_short_press                         0x080013b3   Thumb Code    50  key.o(.text)
    key5_long_press                          0x080013e5   Thumb Code    10  key.o(.text)
    key_init                                 0x080013ef   Thumb Code   556  key.o(.text)
    relay_init                               0x08001629   Thumb Code    90  relay.o(.text)
    relay_on                                 0x08001683   Thumb Code    52  relay.o(.text)
    relay_off                                0x080016b7   Thumb Code    52  relay.o(.text)
    SystemInit                               0x080017cd   Thumb Code    78  system_stm32f10x.o(.text)
    SystemCoreClockUpdate                    0x0800181b   Thumb Code   142  system_stm32f10x.o(.text)
    RCC_DeInit                               0x080018cd   Thumb Code    64  stm32f10x_rcc.o(.text)
    RCC_HSEConfig                            0x0800190d   Thumb Code   100  stm32f10x_rcc.o(.text)
    RCC_GetFlagStatus                        0x08001971   Thumb Code   118  stm32f10x_rcc.o(.text)
    RCC_WaitForHSEStartUp                    0x080019e7   Thumb Code    56  stm32f10x_rcc.o(.text)
    RCC_AdjustHSICalibrationValue            0x08001a1f   Thumb Code    38  stm32f10x_rcc.o(.text)
    RCC_HSICmd                               0x08001a45   Thumb Code    28  stm32f10x_rcc.o(.text)
    RCC_PLLConfig                            0x08001a61   Thumb Code   152  stm32f10x_rcc.o(.text)
    RCC_PLLCmd                               0x08001af9   Thumb Code    28  stm32f10x_rcc.o(.text)
    RCC_SYSCLKConfig                         0x08001b15   Thumb Code    42  stm32f10x_rcc.o(.text)
    RCC_GetSYSCLKSource                      0x08001b3f   Thumb Code    10  stm32f10x_rcc.o(.text)
    RCC_HCLKConfig                           0x08001b49   Thumb Code    66  stm32f10x_rcc.o(.text)
    RCC_PCLK1Config                          0x08001b8b   Thumb Code    58  stm32f10x_rcc.o(.text)
    RCC_PCLK2Config                          0x08001bc5   Thumb Code    60  stm32f10x_rcc.o(.text)
    RCC_ITConfig                             0x08001c01   Thumb Code    70  stm32f10x_rcc.o(.text)
    RCC_USBCLKConfig                         0x08001c47   Thumb Code    28  stm32f10x_rcc.o(.text)
    RCC_ADCCLKConfig                         0x08001c63   Thumb Code    52  stm32f10x_rcc.o(.text)
    RCC_LSEConfig                            0x08001c97   Thumb Code   156  stm32f10x_rcc.o(.text)
    RCC_LSICmd                               0x08001d33   Thumb Code    30  stm32f10x_rcc.o(.text)
    RCC_RTCCLKConfig                         0x08001d51   Thumb Code    52  stm32f10x_rcc.o(.text)
    RCC_RTCCLKCmd                            0x08001d85   Thumb Code    32  stm32f10x_rcc.o(.text)
    RCC_GetClocksFreq                        0x08001da5   Thumb Code   208  stm32f10x_rcc.o(.text)
    RCC_AHBPeriphClockCmd                    0x08001e75   Thumb Code    86  stm32f10x_rcc.o(.text)
    RCC_APB2PeriphClockCmd                   0x08001ecb   Thumb Code    82  stm32f10x_rcc.o(.text)
    RCC_APB1PeriphClockCmd                   0x08001f1d   Thumb Code    82  stm32f10x_rcc.o(.text)
    RCC_APB2PeriphResetCmd                   0x08001f6f   Thumb Code    82  stm32f10x_rcc.o(.text)
    RCC_APB1PeriphResetCmd                   0x08001fc1   Thumb Code    82  stm32f10x_rcc.o(.text)
    RCC_BackupResetCmd                       0x08002013   Thumb Code    32  stm32f10x_rcc.o(.text)
    RCC_ClockSecuritySystemCmd               0x08002033   Thumb Code    30  stm32f10x_rcc.o(.text)
    RCC_MCOConfig                            0x08002051   Thumb Code    44  stm32f10x_rcc.o(.text)
    RCC_ClearFlag                            0x0800207d   Thumb Code    18  stm32f10x_rcc.o(.text)
    RCC_GetITStatus                          0x0800208f   Thumb Code    64  stm32f10x_rcc.o(.text)
    RCC_ClearITPendingBit                    0x080020cf   Thumb Code    34  stm32f10x_rcc.o(.text)
    SPI_I2S_DeInit                           0x08002115   Thumb Code   104  stm32f10x_spi.o(.text)
    SPI_Init                                 0x0800217d   Thumb Code   328  stm32f10x_spi.o(.text)
    I2S_Init                                 0x080022c5   Thumb Code   434  stm32f10x_spi.o(.text)
    SPI_StructInit                           0x08002477   Thumb Code    24  stm32f10x_spi.o(.text)
    I2S_StructInit                           0x0800248f   Thumb Code    20  stm32f10x_spi.o(.text)
    SPI_Cmd                                  0x080024a3   Thumb Code    78  stm32f10x_spi.o(.text)
    I2S_Cmd                                  0x080024f1   Thumb Code   152  stm32f10x_spi.o(.text)
    SPI_I2S_ITConfig                         0x08002589   Thumb Code   126  stm32f10x_spi.o(.text)
    SPI_I2S_DMACmd                           0x08002607   Thumb Code   102  stm32f10x_spi.o(.text)
    SPI_I2S_SendData                         0x0800266d   Thumb Code    42  stm32f10x_spi.o(.text)
    SPI_I2S_ReceiveData                      0x08002697   Thumb Code    40  stm32f10x_spi.o(.text)
    SPI_NSSInternalSoftwareConfig            0x080026bf   Thumb Code    96  stm32f10x_spi.o(.text)
    SPI_SSOutputCmd                          0x0800271f   Thumb Code    82  stm32f10x_spi.o(.text)
    SPI_DataSizeConfig                       0x08002771   Thumb Code    78  stm32f10x_spi.o(.text)
    SPI_TransmitCRC                          0x080027bf   Thumb Code    46  stm32f10x_spi.o(.text)
    SPI_CalculateCRC                         0x080027ed   Thumb Code    82  stm32f10x_spi.o(.text)
    SPI_GetCRC                               0x0800283f   Thumb Code    74  stm32f10x_spi.o(.text)
    SPI_GetCRCPolynomial                     0x08002889   Thumb Code    40  stm32f10x_spi.o(.text)
    SPI_BiDirectionalLineConfig              0x080028b1   Thumb Code    94  stm32f10x_spi.o(.text)
    SPI_I2S_GetFlagStatus                    0x0800290f   Thumb Code   114  stm32f10x_spi.o(.text)
    SPI_I2S_ClearFlag                        0x08002981   Thumb Code    62  stm32f10x_spi.o(.text)
    SPI_I2S_GetITStatus                      0x080029bf   Thumb Code   138  stm32f10x_spi.o(.text)
    SPI_I2S_ClearITPendingBit                0x08002a49   Thumb Code    74  stm32f10x_spi.o(.text)
    GPIO_DeInit                              0x08002aa1   Thumb Code   224  stm32f10x_gpio.o(.text)
    GPIO_AFIODeInit                          0x08002b81   Thumb Code    20  stm32f10x_gpio.o(.text)
    GPIO_Init                                0x08002b95   Thumb Code   378  stm32f10x_gpio.o(.text)
    GPIO_StructInit                          0x08002d0f   Thumb Code    16  stm32f10x_gpio.o(.text)
    GPIO_ReadInputDataBit                    0x08002d1f   Thumb Code   170  stm32f10x_gpio.o(.text)
    GPIO_ReadInputData                       0x08002dc9   Thumb Code    64  stm32f10x_gpio.o(.text)
    GPIO_ReadOutputDataBit                   0x08002e09   Thumb Code   260  stm32f10x_gpio.o(.text)
    GPIO_ReadOutputData                      0x08002f0d   Thumb Code    66  stm32f10x_gpio.o(.text)
    GPIO_SetBits                             0x08002f4f   Thumb Code    86  stm32f10x_gpio.o(.text)
    GPIO_ResetBits                           0x08002fa5   Thumb Code    86  stm32f10x_gpio.o(.text)
    GPIO_WriteBit                            0x08002ffb   Thumb Code   188  stm32f10x_gpio.o(.text)
    GPIO_Write                               0x080030b7   Thumb Code    66  stm32f10x_gpio.o(.text)
    GPIO_PinLockConfig                       0x080030f9   Thumb Code   100  stm32f10x_gpio.o(.text)
    GPIO_EventOutputConfig                   0x0800315d   Thumb Code   138  stm32f10x_gpio.o(.text)
    GPIO_EventOutputCmd                      0x080031e7   Thumb Code    30  stm32f10x_gpio.o(.text)
    GPIO_PinRemapConfig                      0x08003205   Thumb Code   538  stm32f10x_gpio.o(.text)
    GPIO_EXTILineConfig                      0x0800341f   Thumb Code   186  stm32f10x_gpio.o(.text)
    GPIO_ETH_MediaInterfaceConfig            0x080034d9   Thumb Code    30  stm32f10x_gpio.o(.text)
    USART_DeInit                             0x0800350d   Thumb Code   174  stm32f10x_usart.o(.text)
    USART_Init                               0x080035bb   Thumb Code   450  stm32f10x_usart.o(.text)
    USART_StructInit                         0x0800377d   Thumb Code    24  stm32f10x_usart.o(.text)
    USART_ClockInit                          0x08003795   Thumb Code   162  stm32f10x_usart.o(.text)
    USART_ClockStructInit                    0x08003837   Thumb Code    12  stm32f10x_usart.o(.text)
    USART_Cmd                                0x08003843   Thumb Code    90  stm32f10x_usart.o(.text)
    USART_ITConfig                           0x0800389d   Thumb Code   338  stm32f10x_usart.o(.text)
    USART_DMACmd                             0x080039ef   Thumb Code   114  stm32f10x_usart.o(.text)
    USART_SetAddress                         0x08003a61   Thumb Code    86  stm32f10x_usart.o(.text)
    USART_WakeUpConfig                       0x08003ab7   Thumb Code    90  stm32f10x_usart.o(.text)
    USART_ReceiverWakeUpCmd                  0x08003b11   Thumb Code    94  stm32f10x_usart.o(.text)
    USART_LINBreakDetectLengthConfig         0x08003b6f   Thumb Code    88  stm32f10x_usart.o(.text)
    USART_LINCmd                             0x08003bc7   Thumb Code    94  stm32f10x_usart.o(.text)
    USART_SendData                           0x08003c25   Thumb Code    78  stm32f10x_usart.o(.text)
    USART_ReceiveData                        0x08003c73   Thumb Code    56  stm32f10x_usart.o(.text)
    USART_SendBreak                          0x08003cab   Thumb Code    58  stm32f10x_usart.o(.text)
    USART_SetGuardTime                       0x08003ce5   Thumb Code    54  stm32f10x_usart.o(.text)
    USART_SetPrescaler                       0x08003d1b   Thumb Code    66  stm32f10x_usart.o(.text)
    USART_SmartCardCmd                       0x08003d5d   Thumb Code   104  stm32f10x_usart.o(.text)
    USART_SmartCardNACKCmd                   0x08003dc5   Thumb Code    82  stm32f10x_usart.o(.text)
    USART_HalfDuplexCmd                      0x08003e17   Thumb Code    94  stm32f10x_usart.o(.text)
    USART_OverSampling8Cmd                   0x08003e75   Thumb Code    92  stm32f10x_usart.o(.text)
    USART_OneBitMethodCmd                    0x08003ed1   Thumb Code    94  stm32f10x_usart.o(.text)
    USART_IrDAConfig                         0x08003f2f   Thumb Code    88  stm32f10x_usart.o(.text)
    USART_IrDACmd                            0x08003f87   Thumb Code    94  stm32f10x_usart.o(.text)
    USART_GetFlagStatus                      0x08003fe5   Thumb Code   164  stm32f10x_usart.o(.text)
    USART_ClearFlag                          0x08004089   Thumb Code   122  stm32f10x_usart.o(.text)
    USART_GetITStatus                        0x08004103   Thumb Code   276  stm32f10x_usart.o(.text)
    USART_ClearITPendingBit                  0x08004217   Thumb Code   156  stm32f10x_usart.o(.text)
    DMA_DeInit                               0x080042c9   Thumb Code   430  stm32f10x_dma.o(.text)
    DMA_Init                                 0x08004477   Thumb Code   388  stm32f10x_dma.o(.text)
    DMA_StructInit                           0x080045fb   Thumb Code    26  stm32f10x_dma.o(.text)
    DMA_Cmd                                  0x08004615   Thumb Code   220  stm32f10x_dma.o(.text)
    DMA_ITConfig                             0x080046f1   Thumb Code   174  stm32f10x_dma.o(.text)
    DMA_SetCurrDataCounter                   0x0800479f   Thumb Code   116  stm32f10x_dma.o(.text)
    DMA_GetCurrDataCounter                   0x08004813   Thumb Code   116  stm32f10x_dma.o(.text)
    DMA_GetFlagStatus                        0x08004887   Thumb Code   326  stm32f10x_dma.o(.text)
    DMA_ClearFlag                            0x080049cd   Thumb Code    54  stm32f10x_dma.o(.text)
    DMA_GetITStatus                          0x08004a03   Thumb Code   376  stm32f10x_dma.o(.text)
    DMA_ClearITPendingBit                    0x08004b7b   Thumb Code    52  stm32f10x_dma.o(.text)
    NVIC_PriorityGroupConfig                 0x08004bd5   Thumb Code    54  misc.o(.text)
    NVIC_Init                                0x08004c0b   Thumb Code   160  misc.o(.text)
    NVIC_SetVectorTable                      0x08004cab   Thumb Code    60  misc.o(.text)
    NVIC_SystemLPConfig                      0x08004ce7   Thumb Code    78  misc.o(.text)
    SysTick_CLKSourceConfig                  0x08004d35   Thumb Code    62  misc.o(.text)
    Reset_Handler                            0x08004dbd   Thumb Code     8  startup_stm32f10x_hd.o(.text)
    ADC1_2_IRQHandler                        0x08004dd7   Thumb Code     0  startup_stm32f10x_hd.o(.text)
    ADC3_IRQHandler                          0x08004dd7   Thumb Code     0  startup_stm32f10x_hd.o(.text)
    CAN1_RX1_IRQHandler                      0x08004dd7   Thumb Code     0  startup_stm32f10x_hd.o(.text)
    CAN1_SCE_IRQHandler                      0x08004dd7   Thumb Code     0  startup_stm32f10x_hd.o(.text)
    DMA1_Channel1_IRQHandler                 0x08004dd7   Thumb Code     0  startup_stm32f10x_hd.o(.text)
    DMA1_Channel2_IRQHandler                 0x08004dd7   Thumb Code     0  startup_stm32f10x_hd.o(.text)
    DMA1_Channel4_IRQHandler                 0x08004dd7   Thumb Code     0  startup_stm32f10x_hd.o(.text)
    DMA1_Channel7_IRQHandler                 0x08004dd7   Thumb Code     0  startup_stm32f10x_hd.o(.text)
    DMA2_Channel1_IRQHandler                 0x08004dd7   Thumb Code     0  startup_stm32f10x_hd.o(.text)
    DMA2_Channel2_IRQHandler                 0x08004dd7   Thumb Code     0  startup_stm32f10x_hd.o(.text)
    DMA2_Channel3_IRQHandler                 0x08004dd7   Thumb Code     0  startup_stm32f10x_hd.o(.text)
    DMA2_Channel4_5_IRQHandler               0x08004dd7   Thumb Code     0  startup_stm32f10x_hd.o(.text)
    EXTI0_IRQHandler                         0x08004dd7   Thumb Code     0  startup_stm32f10x_hd.o(.text)
    EXTI15_10_IRQHandler                     0x08004dd7   Thumb Code     0  startup_stm32f10x_hd.o(.text)
    EXTI1_IRQHandler                         0x08004dd7   Thumb Code     0  startup_stm32f10x_hd.o(.text)
    EXTI2_IRQHandler                         0x08004dd7   Thumb Code     0  startup_stm32f10x_hd.o(.text)
    EXTI3_IRQHandler                         0x08004dd7   Thumb Code     0  startup_stm32f10x_hd.o(.text)
    EXTI4_IRQHandler                         0x08004dd7   Thumb Code     0  startup_stm32f10x_hd.o(.text)
    EXTI9_5_IRQHandler                       0x08004dd7   Thumb Code     0  startup_stm32f10x_hd.o(.text)
    FLASH_IRQHandler                         0x08004dd7   Thumb Code     0  startup_stm32f10x_hd.o(.text)
    FSMC_IRQHandler                          0x08004dd7   Thumb Code     0  startup_stm32f10x_hd.o(.text)
    I2C1_ER_IRQHandler                       0x08004dd7   Thumb Code     0  startup_stm32f10x_hd.o(.text)
    I2C1_EV_IRQHandler                       0x08004dd7   Thumb Code     0  startup_stm32f10x_hd.o(.text)
    I2C2_ER_IRQHandler                       0x08004dd7   Thumb Code     0  startup_stm32f10x_hd.o(.text)
    I2C2_EV_IRQHandler                       0x08004dd7   Thumb Code     0  startup_stm32f10x_hd.o(.text)
    PVD_IRQHandler                           0x08004dd7   Thumb Code     0  startup_stm32f10x_hd.o(.text)
    RCC_IRQHandler                           0x08004dd7   Thumb Code     0  startup_stm32f10x_hd.o(.text)
    RTCAlarm_IRQHandler                      0x08004dd7   Thumb Code     0  startup_stm32f10x_hd.o(.text)
    RTC_IRQHandler                           0x08004dd7   Thumb Code     0  startup_stm32f10x_hd.o(.text)
    SDIO_IRQHandler                          0x08004dd7   Thumb Code     0  startup_stm32f10x_hd.o(.text)
    SPI1_IRQHandler                          0x08004dd7   Thumb Code     0  startup_stm32f10x_hd.o(.text)
    SPI2_IRQHandler                          0x08004dd7   Thumb Code     0  startup_stm32f10x_hd.o(.text)
    SPI3_IRQHandler                          0x08004dd7   Thumb Code     0  startup_stm32f10x_hd.o(.text)
    TAMPER_IRQHandler                        0x08004dd7   Thumb Code     0  startup_stm32f10x_hd.o(.text)
    TIM1_BRK_IRQHandler                      0x08004dd7   Thumb Code     0  startup_stm32f10x_hd.o(.text)
    TIM1_CC_IRQHandler                       0x08004dd7   Thumb Code     0  startup_stm32f10x_hd.o(.text)
    TIM1_TRG_COM_IRQHandler                  0x08004dd7   Thumb Code     0  startup_stm32f10x_hd.o(.text)
    TIM1_UP_IRQHandler                       0x08004dd7   Thumb Code     0  startup_stm32f10x_hd.o(.text)
    TIM2_IRQHandler                          0x08004dd7   Thumb Code     0  startup_stm32f10x_hd.o(.text)
    TIM3_IRQHandler                          0x08004dd7   Thumb Code     0  startup_stm32f10x_hd.o(.text)
    TIM4_IRQHandler                          0x08004dd7   Thumb Code     0  startup_stm32f10x_hd.o(.text)
    TIM5_IRQHandler                          0x08004dd7   Thumb Code     0  startup_stm32f10x_hd.o(.text)
    TIM6_IRQHandler                          0x08004dd7   Thumb Code     0  startup_stm32f10x_hd.o(.text)
    TIM7_IRQHandler                          0x08004dd7   Thumb Code     0  startup_stm32f10x_hd.o(.text)
    TIM8_BRK_IRQHandler                      0x08004dd7   Thumb Code     0  startup_stm32f10x_hd.o(.text)
    TIM8_CC_IRQHandler                       0x08004dd7   Thumb Code     0  startup_stm32f10x_hd.o(.text)
    TIM8_TRG_COM_IRQHandler                  0x08004dd7   Thumb Code     0  startup_stm32f10x_hd.o(.text)
    TIM8_UP_IRQHandler                       0x08004dd7   Thumb Code     0  startup_stm32f10x_hd.o(.text)
    UART4_IRQHandler                         0x08004dd7   Thumb Code     0  startup_stm32f10x_hd.o(.text)
    UART5_IRQHandler                         0x08004dd7   Thumb Code     0  startup_stm32f10x_hd.o(.text)
    USBWakeUp_IRQHandler                     0x08004dd7   Thumb Code     0  startup_stm32f10x_hd.o(.text)
    WWDG_IRQHandler                          0x08004dd7   Thumb Code     0  startup_stm32f10x_hd.o(.text)
    __user_initial_stackheap                 0x08004dd9   Thumb Code     0  startup_stm32f10x_hd.o(.text)
    rt_system_tick_init                      0x08004dfd   Thumb Code     2  clock.o(.text)
    rt_tick_get                              0x08004dff   Thumb Code     6  clock.o(.text)
    rt_tick_set                              0x08004e05   Thumb Code    22  clock.o(.text)
    rt_tick_increase                         0x08004e1b   Thumb Code    42  clock.o(.text)
    rt_tick_from_millisecond                 0x08004e45   Thumb Code    30  clock.o(.text)
    rt_components_board_init                 0x08004e79   Thumb Code    20  components.o(.text)
    rt_components_init                       0x08004e8d   Thumb Code    20  components.o(.text)
    rt_device_find                           0x08004ead   Thumb Code    76  device.o(.text)
    rt_device_register                       0x08004ef9   Thumb Code    52  device.o(.text)
    rt_device_unregister                     0x08004f2d   Thumb Code    26  device.o(.text)
    rt_device_init_all                       0x08004f47   Thumb Code     4  device.o(.text)
    rt_device_init                           0x08004f4b   Thumb Code    64  device.o(.text)
    rt_device_open                           0x08004f8b   Thumb Code   148  device.o(.text)
    rt_device_close                          0x0800501f   Thumb Code    68  device.o(.text)
    rt_device_read                           0x08005063   Thumb Code    76  device.o(.text)
    rt_device_write                          0x080050af   Thumb Code    76  device.o(.text)
    rt_device_control                        0x080050fb   Thumb Code    44  device.o(.text)
    rt_device_set_rx_indicate                0x08005127   Thumb Code    26  device.o(.text)
    rt_device_set_tx_complete                0x08005141   Thumb Code    26  device.o(.text)
    rt_thread_idle_sethook                   0x080051e1   Thumb Code     6  idle.o(.text)
    rt_thread_idle_excute                    0x080051e7   Thumb Code   154  idle.o(.text)
    rt_thread_idle_init                      0x08005295   Thumb Code    38  idle.o(.text)
    rt_thread_idle_gethandler                0x080052bb   Thumb Code     4  idle.o(.text)
    rt_sem_init                              0x080053c5   Thumb Code    50  ipc.o(.text)
    rt_sem_detach                            0x080053f7   Thumb Code    34  ipc.o(.text)
    rt_sem_create                            0x08005419   Thumb Code    84  ipc.o(.text)
    rt_sem_delete                            0x0800546d   Thumb Code    78  ipc.o(.text)
    rt_sem_take                              0x080054bb   Thumb Code   266  ipc.o(.text)
    rt_sem_trytake                           0x080055c5   Thumb Code    14  ipc.o(.text)
    rt_sem_release                           0x080055d3   Thumb Code    80  ipc.o(.text)
    rt_sem_control                           0x08005623   Thumb Code    68  ipc.o(.text)
    rt_mutex_init                            0x08005667   Thumb Code    58  ipc.o(.text)
    rt_mutex_detach                          0x080056a1   Thumb Code    36  ipc.o(.text)
    rt_mutex_create                          0x080056c5   Thumb Code    96  ipc.o(.text)
    rt_mutex_delete                          0x08005725   Thumb Code    78  ipc.o(.text)
    rt_mutex_take                            0x08005773   Thumb Code   534  ipc.o(.text)
    rt_mutex_release                         0x08005989   Thumb Code   272  ipc.o(.text)
    rt_mutex_control                         0x08005a99   Thumb Code     8  ipc.o(.text)
    rt_event_init                            0x08005aa1   Thumb Code    46  ipc.o(.text)
    rt_event_detach                          0x08005acf   Thumb Code    36  ipc.o(.text)
    rt_event_create                          0x08005af3   Thumb Code    88  ipc.o(.text)
    rt_event_delete                          0x08005b4b   Thumb Code    82  ipc.o(.text)
    rt_event_send                            0x08005b9d   Thumb Code   272  ipc.o(.text)
    rt_event_recv                            0x08005cad   Thumb Code   380  ipc.o(.text)
    rt_event_control                         0x08005e29   Thumb Code    70  ipc.o(.text)
    rt_mb_init                               0x08005e6f   Thumb Code    76  ipc.o(.text)
    rt_mb_detach                             0x08005ebb   Thumb Code    44  ipc.o(.text)
    rt_mb_create                             0x08005ee7   Thumb Code   128  ipc.o(.text)
    rt_mb_delete                             0x08005f67   Thumb Code    96  ipc.o(.text)
    rt_mb_send_wait                          0x08005fc7   Thumb Code   436  ipc.o(.text)
    rt_mb_send                               0x0800617b   Thumb Code    18  ipc.o(.text)
    rt_mb_recv                               0x0800618d   Thumb Code   412  ipc.o(.text)
    rt_mb_control                            0x08006329   Thumb Code    82  ipc.o(.text)
    rt_mq_init                               0x0800637b   Thumb Code   118  ipc.o(.text)
    rt_mq_detach                             0x080063f1   Thumb Code    36  ipc.o(.text)
    rt_mq_delete                             0x08006415   Thumb Code    88  ipc.o(.text)
    rt_mq_create                             0x0800646d   Thumb Code   174  ipc.o(.text)
    rt_mq_send                               0x0800651b   Thumb Code   290  ipc.o(.text)
    rt_mq_urgent                             0x0800663d   Thumb Code   198  ipc.o(.text)
    rt_mq_recv                               0x08006703   Thumb Code   438  ipc.o(.text)
    rt_mq_control                            0x080068b9   Thumb Code    98  ipc.o(.text)
    rt_interrupt_enter_sethook               0x08006971   Thumb Code     6  irq.o(.text)
    rt_interrupt_leave_sethook               0x08006977   Thumb Code     6  irq.o(.text)
    rt_interrupt_enter                       0x0800697d   Thumb Code    46  irq.o(.text)
    rt_interrupt_leave                       0x080069ab   Thumb Code    46  irq.o(.text)
    rt_interrupt_get_nest                    0x080069d9   Thumb Code     6  irq.o(.text)
    rt_get_errno                             0x080069ed   Thumb Code    32  kservice.o(.text)
    rt_set_errno                             0x08006a0d   Thumb Code    36  kservice.o(.text)
    _rt_errno                                0x08006a31   Thumb Code    30  kservice.o(.text)
    rt_memset                                0x08006a4f   Thumb Code    72  kservice.o(.text)
    rt_memcpy                                0x08006a97   Thumb Code   120  kservice.o(.text)
    rt_memmove                               0x08006b0f   Thumb Code    66  kservice.o(.text)
    rt_memcmp                                0x08006b51   Thumb Code    38  kservice.o(.text)
    rt_strlen                                0x08006b77   Thumb Code    18  kservice.o(.text)
    rt_strstr                                0x08006b89   Thumb Code    58  kservice.o(.text)
    rt_strcasecmp                            0x08006bc3   Thumb Code    48  kservice.o(.text)
    rt_strncpy                               0x08006bf3   Thumb Code    52  kservice.o(.text)
    rt_strncmp                               0x08006c27   Thumb Code    40  kservice.o(.text)
    rt_strcmp                                0x08006c4f   Thumb Code    28  kservice.o(.text)
    rt_strnlen                               0x08006c6b   Thumb Code    24  kservice.o(.text)
    rt_strdup                                0x08006c83   Thumb Code    40  kservice.o(.text)
    rt_hw_console_output                     0x08006cab   Thumb Code     2  kservice.o(.text)
    rt_vsnprintf                             0x08006e43   Thumb Code   800  kservice.o(.text)
    rt_kprintf                               0x08007163   Thumb Code    96  kservice.o(.text)
    rt_show_version                          0x080071c3   Thumb Code    38  kservice.o(.text)
    rt_snprintf                              0x080071e9   Thumb Code    38  kservice.o(.text)
    rt_vsprintf                              0x0800720f   Thumb Code    22  kservice.o(.text)
    rt_sprintf                               0x08007225   Thumb Code    34  kservice.o(.text)
    rt_console_get_device                    0x08007247   Thumb Code     6  kservice.o(.text)
    rt_console_set_device                    0x0800724d   Thumb Code    48  kservice.o(.text)
    rt_kputs                                 0x0800727d   Thumb Code    78  kservice.o(.text)
    rt_malloc_align                          0x080072cb   Thumb Code    66  kservice.o(.text)
    rt_free_align                            0x0800730d   Thumb Code    16  kservice.o(.text)
    rt_assert_set_hook                       0x0800731d   Thumb Code     6  kservice.o(.text)
    rt_assert_handler                        0x08007323   Thumb Code    56  kservice.o(.text)
    rt_malloc_sethook                        0x08007431   Thumb Code     6  mem.o(.text)
    rt_free_sethook                          0x08007437   Thumb Code     6  mem.o(.text)
    rt_system_heap_init                      0x080074dd   Thumb Code   204  mem.o(.text)
    rt_malloc                                0x080075a9   Thumb Code   522  mem.o(.text)
    rt_free                                  0x080077b3   Thumb Code   650  mem.o(.text)
    rt_realloc                               0x08007a3d   Thumb Code   324  mem.o(.text)
    rt_calloc                                0x08007b81   Thumb Code    84  mem.o(.text)
    rt_memory_info                           0x08007bd5   Thumb Code    26  mem.o(.text)
    rt_object_attach_sethook                 0x08007c69   Thumb Code     6  object.o(.text)
    rt_object_detach_sethook                 0x08007c6f   Thumb Code     6  object.o(.text)
    rt_object_trytake_sethook                0x08007c75   Thumb Code     6  object.o(.text)
    rt_object_take_sethook                   0x08007c7b   Thumb Code     6  object.o(.text)
    rt_object_put_sethook                    0x08007c81   Thumb Code     6  object.o(.text)
    rt_system_object_init                    0x08007c87   Thumb Code     2  object.o(.text)
    rt_object_get_information                0x08007c89   Thumb Code    10  object.o(.text)
    rt_object_init                           0x08007c93   Thumb Code    76  object.o(.text)
    rt_object_detach                         0x08007cdf   Thumb Code    56  object.o(.text)
    rt_object_allocate                       0x08007d17   Thumb Code   132  object.o(.text)
    rt_object_delete                         0x08007d9b   Thumb Code    84  object.o(.text)
    rt_object_is_systemobject                0x08007def   Thumb Code    34  object.o(.text)
    rt_object_find                           0x08007e11   Thumb Code   126  object.o(.text)
    rt_scheduler_sethook                     0x08007f25   Thumb Code     6  scheduler.o(.text)
    rt_system_scheduler_init                 0x08007f81   Thumb Code    56  scheduler.o(.text)
    rt_system_scheduler_start                0x08007fb9   Thumb Code    36  scheduler.o(.text)
    rt_schedule                              0x08007fdd   Thumb Code   154  scheduler.o(.text)
    rt_schedule_insert_thread                0x08008077   Thumb Code    82  scheduler.o(.text)
    rt_schedule_remove_thread                0x080080c9   Thumb Code    94  scheduler.o(.text)
    rt_enter_critical                        0x08008127   Thumb Code    28  scheduler.o(.text)
    rt_exit_critical                         0x08008143   Thumb Code    54  scheduler.o(.text)
    rt_critical_level                        0x08008179   Thumb Code     8  scheduler.o(.text)
    rt_thread_suspend_sethook                0x0800823d   Thumb Code     6  thread.o(.text)
    rt_thread_resume_sethook                 0x08008243   Thumb Code     6  thread.o(.text)
    rt_thread_inited_sethook                 0x08008249   Thumb Code     6  thread.o(.text)
    rt_thread_exit                           0x0800824f   Thumb Code    76  thread.o(.text)
    rt_thread_timeout                        0x0800829b   Thumb Code    70  thread.o(.text)
    rt_thread_init                           0x08008387   Thumb Code    74  thread.o(.text)
    rt_thread_self                           0x080083d1   Thumb Code     6  thread.o(.text)
    rt_thread_resume                         0x080083d7   Thumb Code   100  thread.o(.text)
    rt_thread_startup                        0x0800843b   Thumb Code    88  thread.o(.text)
    rt_thread_detach                         0x08008493   Thumb Code    84  thread.o(.text)
    rt_thread_create                         0x080084e7   Thumb Code    80  thread.o(.text)
    rt_thread_delete                         0x08008537   Thumb Code    74  thread.o(.text)
    rt_thread_yield                          0x08008581   Thumb Code    92  thread.o(.text)
    rt_thread_suspend                        0x080085dd   Thumb Code   356  thread.o(.text)
    rt_thread_sleep                          0x08008741   Thumb Code    76  thread.o(.text)
    rt_thread_delay                          0x0800878d   Thumb Code    12  thread.o(.text)
    rt_thread_control                        0x08008799   Thumb Code   134  thread.o(.text)
    rt_thread_find                           0x0800881f   Thumb Code    76  thread.o(.text)
    rt_timer_timeout_sethook                 0x0800888f   Thumb Code     6  timer.o(.text)
    rt_timer_init                            0x08008921   Thumb Code    58  timer.o(.text)
    rt_timer_detach                          0x0800895b   Thumb Code    44  timer.o(.text)
    rt_timer_create                          0x08008987   Thumb Code    54  timer.o(.text)
    rt_timer_delete                          0x080089bd   Thumb Code    46  timer.o(.text)
    rt_timer_start                           0x080089eb   Thumb Code   292  timer.o(.text)
    rt_timer_stop                            0x08008b0f   Thumb Code    80  timer.o(.text)
    rt_timer_control                         0x08008b5f   Thumb Code    76  timer.o(.text)
    rt_timer_check                           0x08008bab   Thumb Code   148  timer.o(.text)
    rt_timer_next_timeout_tick               0x08008c3f   Thumb Code    10  timer.o(.text)
    rt_system_timer_init                     0x08008c49   Thumb Code    24  timer.o(.text)
    rt_system_timer_thread_init              0x08008c61   Thumb Code     2  timer.o(.text)
    rt_hw_stack_init                         0x08008cdd   Thumb Code    70  cpuport.o(.text)
    rt_hw_exception_install                  0x08008d23   Thumb Code     6  cpuport.o(.text)
    rt_hw_hard_fault_exception               0x08008d29   Thumb Code   190  cpuport.o(.text)
    rt_hw_cpu_shutdown                       0x08008de7   Thumb Code    22  cpuport.o(.text)
    rt_hw_interrupt_disable                  0x08008f59   Thumb Code     8  context_rvds.o(.text)
    rt_hw_interrupt_enable                   0x08008f61   Thumb Code     6  context_rvds.o(.text)
    rt_hw_context_switch                     0x08008f67   Thumb Code    32  context_rvds.o(.text)
    rt_hw_context_switch_interrupt           0x08008f67   Thumb Code     0  context_rvds.o(.text)
    PendSV_Handler                           0x08008f87   Thumb Code    60  context_rvds.o(.text)
    rt_hw_context_switch_to                  0x08008fc3   Thumb Code    58  context_rvds.o(.text)
    rt_hw_interrupt_thread_switch            0x08008ffd   Thumb Code     2  context_rvds.o(.text)
    HardFault_Handler                        0x08008fff   Thumb Code    46  context_rvds.o(.text)
    rt_hw_serial_register                    0x080098b1   Thumb Code    82  serial.o(.text)
    rt_hw_serial_isr                         0x08009903   Thumb Code   486  serial.o(.text)
    rt_completion_init                       0x08009c79   Thumb Code    42  completion.o(.text)
    rt_completion_wait                       0x08009ca3   Thumb Code   198  completion.o(.text)
    rt_completion_done                       0x08009d69   Thumb Code    76  completion.o(.text)
    rt_data_queue_init                       0x08009e4f   Thumb Code    76  dataqueue.o(.text)
    rt_data_queue_push                       0x08009e9b   Thumb Code   282  dataqueue.o(.text)
    rt_data_queue_pop                        0x08009fb5   Thumb Code   342  dataqueue.o(.text)
    rt_data_queue_peak                       0x0800a10b   Thumb Code   104  dataqueue.o(.text)
    rt_data_queue_reset                      0x0800a173   Thumb Code   106  dataqueue.o(.text)
    __aeabi_memcpy4                          0x0800a265   Thumb Code     0  rt_memcpy_w.o(.text)
    __aeabi_memcpy8                          0x0800a265   Thumb Code     0  rt_memcpy_w.o(.text)
    __rt_memcpy_w                            0x0800a265   Thumb Code   100  rt_memcpy_w.o(.text)
    _memcpy_lastbytes_aligned                0x0800a2ad   Thumb Code     0  rt_memcpy_w.o(.text)
    __use_two_region_memory                  0x0800a2c9   Thumb Code     2  heapauxi.o(.text)
    __rt_heap_escrow$2region                 0x0800a2cb   Thumb Code     2  heapauxi.o(.text)
    __rt_heap_expand$2region                 0x0800a2cd   Thumb Code     2  heapauxi.o(.text)
    __user_setup_stackheap                   0x0800a2cf   Thumb Code    74  sys_stackheap_outer.o(.text)
    exit                                     0x0800a319   Thumb Code    12  exit.o(.text)
    __user_libspace                          0x0800a325   Thumb Code     8  libspace.o(.text)
    __user_perproc_libspace                  0x0800a325   Thumb Code     0  libspace.o(.text)
    __user_perthread_libspace                0x0800a325   Thumb Code     0  libspace.o(.text)
    _sys_exit                                0x0800a32d   Thumb Code     8  sys_exit.o(.text)
    __I$use$semihosting                      0x0800a339   Thumb Code     0  use_no_semi.o(.text)
    __use_no_semihosting_swi                 0x0800a339   Thumb Code     2  use_no_semi.o(.text)
    __semihosting_library_function           0x0800a33b   Thumb Code     0  indicate_semi.o(.text)
    TX_ADDRESS                               0x0800a398   Data           5  nrf24l01.o(.constdata)
    RX_ADDRESS                               0x0800a39d   Data           5  nrf24l01.o(.constdata)
    __rt_init_rti_start                      0x0800ab08   Data           4  components.o(.rti_fn.0)
    __rt_init_rti_board_start                0x0800ab0c   Data           4  components.o(.rti_fn.0.end)
    __rt_init_rti_board_end                  0x0800ab10   Data           4  components.o(.rti_fn.1.end)
    __rt_init_rti_end                        0x0800ab14   Data           4  components.o(.rti_fn.6.end)
    Region$$Table$$Base                      0x0800ab18   Number         0  anon$$obj.o(Region$$Table)
    Region$$Table$$Limit                     0x0800ab38   Number         0  anon$$obj.o(Region$$Table)
    uart1                                    0x20000000   Data          28  usart.o(.data)
    uart2                                    0x2000001c   Data          28  usart.o(.data)
    uart3                                    0x20000038   Data          28  usart.o(.data)
    keys                                     0x20000060   Data           8  key.o(.data)
    key_count_time                           0x20000068   Data           1  key.o(.data)
    SystemCoreClock                          0x20000070   Data           4  system_stm32f10x.o(.data)
    AHBPrescTable                            0x20000074   Data          16  system_stm32f10x.o(.data)
    rt_interrupt_nest                        0x200000a8   Data           1  irq.o(.data)
    rt_assert_hook                           0x200000b4   Data           4  kservice.o(.data)
    rt_object_container                      0x200000d8   Data         144  object.o(.data)
    rt_object_trytake_hook                   0x20000170   Data           4  object.o(.data)
    rt_object_take_hook                      0x20000174   Data           4  object.o(.data)
    rt_object_put_hook                       0x20000178   Data           4  object.o(.data)
    rt_current_thread                        0x20000180   Data           4  scheduler.o(.data)
    rt_current_priority                      0x20000184   Data           1  scheduler.o(.data)
    rt_thread_ready_priority_group           0x20000188   Data           4  scheduler.o(.data)
    rt_thread_defunct                        0x2000018c   Data           8  scheduler.o(.data)
    rt_interrupt_from_thread                 0x200001b8   Data           4  cpuport.o(.data)
    rt_interrupt_to_thread                   0x200001bc   Data           4  cpuport.o(.data)
    rt_thread_switch_interrupt_flag          0x200001c0   Data           4  cpuport.o(.data)
    serial1                                  0x20000444   Data          84  usart.o(.bss)
    serial2                                  0x20000498   Data          84  usart.o(.bss)
    serial3                                  0x200004ec   Data          84  usart.o(.bss)
    rx_tmp_buf                               0x20000560   Data          32  nrf24l01.o(.bss)
    single_key                               0x20000820   Data         120  key.o(.bss)
    rt_thread_priority_table                 0x20000ab8   Data         256  scheduler.o(.bss)
    __libspace_start                         0x20000bb8   Data          96  libspace.o(.bss)
    __temporary_stack_top$libspace           0x20000c18   Data           0  libspace.o(.bss)
    Image$$RW_IRAM1$$ZI$$Limit               0x20001218   Number         0  startup_stm32f10x_hd.o(STACK)



==============================================================================

Memory Map of the image

  Image Entry point : 0x08000131

  Load Region LR_IROM1 (Base: 0x08000000, Size: 0x0000acfc, Max: 0x00020000, ABSOLUTE, COMPRESSED[0x0000abcc])

    Execution Region ER_IROM1 (Base: 0x08000000, Size: 0x0000ab38, Max: 0x00020000, ABSOLUTE)

    Base Addr    Size         Type   Attr      Idx    E Section Name        Object

    0x08000000   0x00000130   Data   RO          911    RESET               startup_stm32f10x_hd.o
    0x08000130   0x00000008   Code   RO         1296  * !!!main             c_w.l(__main.o)
    0x08000138   0x00000034   Code   RO         1452    !!!scatter          c_w.l(__scatter.o)
    0x0800016c   0x0000005a   Code   RO         1450    !!dczerorl2         c_w.l(__dczerorl2.o)
    0x080001c6   0x00000002   PAD
    0x080001c8   0x0000001c   Code   RO         1454    !!handler_zi        c_w.l(__scatter_zi.o)
    0x080001e4   0x00000002   Code   RO         1323    .ARM.Collect$$libinit$$00000000  c_w.l(libinit.o)
    0x080001e6   0x00000000   Code   RO         1330    .ARM.Collect$$libinit$$00000002  c_w.l(libinit2.o)
    0x080001e6   0x00000000   Code   RO         1333    .ARM.Collect$$libinit$$00000008  c_w.l(libinit2.o)
    0x080001e6   0x00000000   Code   RO         1335    .ARM.Collect$$libinit$$0000000A  c_w.l(libinit2.o)
    0x080001e6   0x00000000   Code   RO         1337    .ARM.Collect$$libinit$$0000000C  c_w.l(libinit2.o)
    0x080001e6   0x00000000   Code   RO         1340    .ARM.Collect$$libinit$$0000000F  c_w.l(libinit2.o)
    0x080001e6   0x00000000   Code   RO         1342    .ARM.Collect$$libinit$$00000011  c_w.l(libinit2.o)
    0x080001e6   0x00000000   Code   RO         1344    .ARM.Collect$$libinit$$00000013  c_w.l(libinit2.o)
    0x080001e6   0x00000000   Code   RO         1346    .ARM.Collect$$libinit$$00000015  c_w.l(libinit2.o)
    0x080001e6   0x00000000   Code   RO         1348    .ARM.Collect$$libinit$$00000017  c_w.l(libinit2.o)
    0x080001e6   0x00000000   Code   RO         1350    .ARM.Collect$$libinit$$00000019  c_w.l(libinit2.o)
    0x080001e6   0x00000000   Code   RO         1352    .ARM.Collect$$libinit$$0000001B  c_w.l(libinit2.o)
    0x080001e6   0x00000000   Code   RO         1354    .ARM.Collect$$libinit$$0000001D  c_w.l(libinit2.o)
    0x080001e6   0x00000000   Code   RO         1356    .ARM.Collect$$libinit$$0000001F  c_w.l(libinit2.o)
    0x080001e6   0x00000000   Code   RO         1358    .ARM.Collect$$libinit$$00000021  c_w.l(libinit2.o)
    0x080001e6   0x00000000   Code   RO         1360    .ARM.Collect$$libinit$$00000023  c_w.l(libinit2.o)
    0x080001e6   0x00000000   Code   RO         1364    .ARM.Collect$$libinit$$0000002A  c_w.l(libinit2.o)
    0x080001e6   0x00000000   Code   RO         1366    .ARM.Collect$$libinit$$0000002C  c_w.l(libinit2.o)
    0x080001e6   0x00000000   Code   RO         1368    .ARM.Collect$$libinit$$0000002E  c_w.l(libinit2.o)
    0x080001e6   0x00000000   Code   RO         1370    .ARM.Collect$$libinit$$00000030  c_w.l(libinit2.o)
    0x080001e6   0x00000002   Code   RO         1371    .ARM.Collect$$libinit$$00000031  c_w.l(libinit2.o)
    0x080001e8   0x00000002   Code   RO         1391    .ARM.Collect$$libshutdown$$00000000  c_w.l(libshutdown.o)
    0x080001ea   0x00000000   Code   RO         1405    .ARM.Collect$$libshutdown$$00000003  c_w.l(libshutdown2.o)
    0x080001ea   0x00000000   Code   RO         1408    .ARM.Collect$$libshutdown$$00000006  c_w.l(libshutdown2.o)
    0x080001ea   0x00000000   Code   RO         1411    .ARM.Collect$$libshutdown$$00000009  c_w.l(libshutdown2.o)
    0x080001ea   0x00000000   Code   RO         1413    .ARM.Collect$$libshutdown$$0000000B  c_w.l(libshutdown2.o)
    0x080001ea   0x00000000   Code   RO         1416    .ARM.Collect$$libshutdown$$0000000E  c_w.l(libshutdown2.o)
    0x080001ea   0x00000002   Code   RO         1417    .ARM.Collect$$libshutdown$$0000000F  c_w.l(libshutdown2.o)
    0x080001ec   0x00000000   Code   RO         1298    .ARM.Collect$$rtentry$$00000000  c_w.l(rtentry.o)
    0x080001ec   0x00000000   Code   RO         1300    .ARM.Collect$$rtentry$$00000002  c_w.l(rtentry2.o)
    0x080001ec   0x00000006   Code   RO         1312    .ARM.Collect$$rtentry$$00000004  c_w.l(rtentry4.o)
    0x080001f2   0x00000000   Code   RO         1302    .ARM.Collect$$rtentry$$00000009  c_w.l(rtentry2.o)
    0x080001f2   0x00000004   Code   RO         1303    .ARM.Collect$$rtentry$$0000000A  c_w.l(rtentry2.o)
    0x080001f6   0x00000000   Code   RO         1305    .ARM.Collect$$rtentry$$0000000C  c_w.l(rtentry2.o)
    0x080001f6   0x00000008   Code   RO         1306    .ARM.Collect$$rtentry$$0000000D  c_w.l(rtentry2.o)
    0x080001fe   0x00000002   Code   RO         1327    .ARM.Collect$$rtexit$$00000000  c_w.l(rtexit.o)
    0x08000200   0x00000000   Code   RO         1373    .ARM.Collect$$rtexit$$00000002  c_w.l(rtexit2.o)
    0x08000200   0x00000004   Code   RO         1374    .ARM.Collect$$rtexit$$00000003  c_w.l(rtexit2.o)
    0x08000204   0x00000006   Code   RO         1375    .ARM.Collect$$rtexit$$00000004  c_w.l(rtexit2.o)
    0x0800020a   0x00000002   PAD
    0x0800020c   0x00000010   Code   RO         1161    .emb_text           cpuport.o
    0x0800021c   0x00000058   Code   RO            3    .text               application.o
    0x08000274   0x000000b0   Code   RO          189    .text               startup.o
    0x08000324   0x00000090   Code   RO          213    .text               board.o
    0x080003b4   0x00000016   Code   RO          240    .text               stm32f10x_it.o
    0x080003ca   0x00000002   PAD
    0x080003cc   0x000000cc   Code   RO          266    .text               led.o
    0x08000498   0x00000604   Code   RO          288    .text               usart.o
    0x08000a9c   0x000005a4   Code   RO          344    .text               nrf24l01.o
    0x08001040   0x000005e8   Code   RO          368    .text               key.o
    0x08001628   0x000000c8   Code   RO          403    .text               relay.o
    0x080016f0   0x000001dc   Code   RO          423    .text               system_stm32f10x.o
    0x080018cc   0x00000848   Code   RO          469    .text               stm32f10x_rcc.o
    0x08002114   0x0000098c   Code   RO          711    .text               stm32f10x_spi.o
    0x08002aa0   0x00000a6c   Code   RO          771    .text               stm32f10x_gpio.o
    0x0800350c   0x00000dbc   Code   RO          791    .text               stm32f10x_usart.o
    0x080042c8   0x0000090c   Code   RO          831    .text               stm32f10x_dma.o
    0x08004bd4   0x000001e8   Code   RO          891    .text               misc.o
    0x08004dbc   0x00000040   Code   RO          912    .text               startup_stm32f10x_hd.o
    0x08004dfc   0x0000006c   Code   RO          916    .text               clock.o
    0x08004e68   0x00000044   Code   RO          930    .text               components.o
    0x08004eac   0x00000334   Code   RO          948    .text               device.o
    0x080051e0   0x00000138   Code   RO          962    .text               idle.o
    0x08005318   0x00001658   Code   RO          982    .text               ipc.o
    0x08006970   0x0000007c   Code   RO          999    .text               irq.o
    0x080069ec   0x00000a44   Code   RO         1014    .text               kservice.o
    0x08007430   0x00000818   Code   RO         1034    .text               mem.o
    0x08007c48   0x000002dc   Code   RO         1068    .text               object.o
    0x08007f24   0x000002f8   Code   RO         1087    .text               scheduler.o
    0x0800821c   0x00000664   Code   RO         1123    .text               thread.o
    0x08008880   0x0000045c   Code   RO         1142    .text               timer.o
    0x08008cdc   0x0000027c   Code   RO         1162    .text               cpuport.o
    0x08008f58   0x000000ec   Code   RO         1181    .text               context_rvds.o
    0x08009044   0x00000c34   Code   RO         1185    .text               serial.o
    0x08009c78   0x000001c8   Code   RO         1201    .text               completion.o
    0x08009e40   0x00000424   Code   RO         1217    .text               dataqueue.o
    0x0800a264   0x00000064   Code   RO         1292    .text               c_w.l(rt_memcpy_w.o)
    0x0800a2c8   0x00000006   Code   RO         1294    .text               c_w.l(heapauxi.o)
    0x0800a2ce   0x0000004a   Code   RO         1314    .text               c_w.l(sys_stackheap_outer.o)
    0x0800a318   0x0000000c   Code   RO         1316    .text               c_w.l(exit.o)
    0x0800a324   0x00000008   Code   RO         1324    .text               c_w.l(libspace.o)
    0x0800a32c   0x0000000c   Code   RO         1383    .text               c_w.l(sys_exit.o)
    0x0800a338   0x00000002   Code   RO         1394    .text               c_w.l(use_no_semi.o)
    0x0800a33a   0x00000000   Code   RO         1396    .text               c_w.l(indicate_semi.o)
    0x0800a33a   0x00000002   PAD
    0x0800a33c   0x0000005c   Data   RO          290    .constdata          usart.o
    0x0800a398   0x0000000a   Data   RO          346    .constdata          nrf24l01.o
    0x0800a3a2   0x000000a8   Data   RO          949    .constdata          device.o
    0x0800a44a   0x00000016   Data   RO          964    .constdata          idle.o
    0x0800a460   0x000001d7   Data   RO          983    .constdata          ipc.o
    0x0800a637   0x00000022   Data   RO         1016    .constdata          kservice.o
    0x0800a659   0x00000003   PAD
    0x0800a65c   0x00000138   Data   RO         1036    .constdata          mem.o
    0x0800a794   0x0000005e   Data   RO         1069    .constdata          object.o
    0x0800a7f2   0x0000004e   Data   RO         1089    .constdata          scheduler.o
    0x0800a840   0x000000aa   Data   RO         1124    .constdata          thread.o
    0x0800a8ea   0x0000005c   Data   RO         1143    .constdata          timer.o
    0x0800a946   0x00000013   Data   RO         1163    .constdata          cpuport.o
    0x0800a959   0x0000012a   Data   RO         1186    .constdata          serial.o
    0x0800aa83   0x00000039   Data   RO         1202    .constdata          completion.o
    0x0800aabc   0x0000004b   Data   RO         1218    .constdata          dataqueue.o
    0x0800ab07   0x00000001   PAD
    0x0800ab08   0x00000004   Data   RO          931    .rti_fn.0           components.o
    0x0800ab0c   0x00000004   Data   RO          932    .rti_fn.0.end       components.o
    0x0800ab10   0x00000004   Data   RO          933    .rti_fn.1.end       components.o
    0x0800ab14   0x00000004   Data   RO          934    .rti_fn.6.end       components.o
    0x0800ab18   0x00000020   Data   RO         1448    Region$$Table       anon$$obj.o


    Execution Region RW_IRAM1 (Base: 0x20000000, Size: 0x00001218, Max: 0x00005000, ABSOLUTE, COMPRESSED[0x00000094])

    Base Addr    Size         Type   Attr      Idx    E Section Name        Object

    0x20000000   0x00000054   Data   RW          291    .data               usart.o
    0x20000054   0x0000001c   Data   RW          370    .data               key.o
    0x20000070   0x00000014   Data   RW          424    .data               system_stm32f10x.o
    0x20000084   0x00000014   Data   RW          470    .data               stm32f10x_rcc.o
    0x20000098   0x00000004   Data   RW          917    .data               clock.o
    0x2000009c   0x00000004   Data   RW          965    .data               idle.o
    0x200000a0   0x00000009   Data   RW         1000    .data               irq.o
    0x200000a9   0x00000003   PAD
    0x200000ac   0x0000000c   Data   RW         1017    .data               kservice.o
    0x200000b8   0x00000020   Data   RW         1037    .data               mem.o
    0x200000d8   0x000000a4   Data   RW         1070    .data               object.o
    0x2000017c   0x0000001c   Data   RW         1090    .data               scheduler.o
    0x20000198   0x0000000c   Data   RW         1125    .data               thread.o
    0x200001a4   0x00000010   Data   RW         1144    .data               timer.o
    0x200001b4   0x00000010   Data   RW         1164    .data               cpuport.o
    0x200001c4   0x00000280   Zero   RW          267    .bss                led.o
    0x20000444   0x000000fc   Zero   RW          289    .bss                usart.o
    0x20000540   0x000002e0   Zero   RW          345    .bss                nrf24l01.o
    0x20000820   0x00000078   Zero   RW          369    .bss                key.o
    0x20000898   0x00000180   Zero   RW          963    .bss                idle.o
    0x20000a18   0x00000080   Zero   RW         1015    .bss                kservice.o
    0x20000a98   0x00000020   Zero   RW         1035    .bss                mem.o
    0x20000ab8   0x00000100   Zero   RW         1088    .bss                scheduler.o
    0x20000bb8   0x00000060   Zero   RW         1325    .bss                c_w.l(libspace.o)
    0x20000c18   0x00000200   Zero   RW          910    HEAP                startup_stm32f10x_hd.o
    0x20000e18   0x00000400   Zero   RW          909    STACK               startup_stm32f10x_hd.o


==============================================================================

Image component sizes


      Code (inc. data)   RO Data    RW Data    ZI Data      Debug   Object Name

        88         14          0          0          0     260471   application.o
       144         20          0          0          0      22925   board.o
       108          6          0          4          0       1328   clock.o
       456        124         57          0          0       3955   completion.o
        68         12         16          0          0       1720   components.o
       236         24          0          0          0        716   context_rvds.o
       652        348         19         16          0       3379   cpuport.o
      1060        114         75          0          0       4525   dataqueue.o
       820        134        168          0          0       4561   device.o
       312         74         22          4        384       4165   idle.o
      5720        418        471          0          0      20179   ipc.o
       124         14          0          9          0       1740   irq.o
      1512        366          0         28        120       4706   key.o
      2628        226         34         12        128      11451   kservice.o
       204         22          0          0        640       1736   led.o
      2072        488        312         32         32       4838   mem.o
       488         74          0          0          0       1997   misc.o
      1444        230         10          0        736       5028   nrf24l01.o
       732        150         94        164          0       6656   object.o
       200          6          0          0          0        812   relay.o
       760        150         78         28        256       5785   scheduler.o
      3124        394        298          0          0       9133   serial.o
       176         88          0          0          0       1171   startup.o
        64         26        304          0       1536        852   startup_stm32f10x_hd.o
      2316        160          0          0          0       5470   stm32f10x_dma.o
      2668        204          0          0          0       7049   stm32f10x_gpio.o
        22          0          0          0          0       1118   stm32f10x_it.o
      2120        122          0         20          0       9972   stm32f10x_rcc.o
      2444        102          0          0          0       7782   stm32f10x_spi.o
      3516        148          0          0          0      10136   stm32f10x_usart.o
       476         36          0         20          0       1931   system_stm32f10x.o
      1636        276        170         12          0       9277   thread.o
      1116        100         92         16          0       7647   timer.o
      1540        156         92         84        252      31299   usart.o

    ----------------------------------------------------------------------
     41048       4826       2348        452       4084     475510   Object Totals
         0          0         32          0          0          0   (incl. Generated)
         2          0          4          3          0          0   (incl. Padding)

    ----------------------------------------------------------------------

      Code (inc. data)   RO Data    RW Data    ZI Data      Debug   Library Member Name

        90          0          0          0          0          0   __dczerorl2.o
         8          0          0          0          0         68   __main.o
        52          8          0          0          0          0   __scatter.o
        28          0          0          0          0          0   __scatter_zi.o
        12          0          0          0          0         72   exit.o
         6          0          0          0          0        152   heapauxi.o
         0          0          0          0          0          0   indicate_semi.o
         2          0          0          0          0          0   libinit.o
         2          0          0          0          0          0   libinit2.o
         2          0          0          0          0          0   libshutdown.o
         2          0          0          0          0          0   libshutdown2.o
         8          4          0          0         96         68   libspace.o
       100          0          0          0          0         80   rt_memcpy_w.o
         0          0          0          0          0          0   rtentry.o
        12          0          0          0          0          0   rtentry2.o
         6          0          0          0          0          0   rtentry4.o
         2          0          0          0          0          0   rtexit.o
        10          0          0          0          0          0   rtexit2.o
        12          4          0          0          0         68   sys_exit.o
        74          0          0          0          0         80   sys_stackheap_outer.o
         2          0          0          0          0         68   use_no_semi.o

    ----------------------------------------------------------------------
       436         16          0          0         96        656   Library Totals
         6          0          0          0          0          0   (incl. Padding)

    ----------------------------------------------------------------------

      Code (inc. data)   RO Data    RW Data    ZI Data      Debug   Library Name

       430         16          0          0         96        656   c_w.l

    ----------------------------------------------------------------------
       436         16          0          0         96        656   Library Totals

    ----------------------------------------------------------------------

==============================================================================


      Code (inc. data)   RO Data    RW Data    ZI Data      Debug   

     41484       4842       2348        452       4180     472890   Grand Totals
     41484       4842       2348        148       4180     472890   ELF Image Totals (compressed)
     41484       4842       2348        148          0          0   ROM Totals

==============================================================================

    Total RO  Size (Code + RO Data)                43832 (  42.80kB)
    Total RW  Size (RW Data + ZI Data)              4632 (   4.52kB)
    Total ROM Size (Code + RO Data + RW Data)      43980 (  42.95kB)

==============================================================================

